Archive member included to satisfy reference by file (symbol)

c:/program files (x86)/atollic/truestudio for arm 5.5.1/armtools/bin/../lib/gcc/arm-atollic-eabi/5.3.1/../../../../arm-atollic-eabi/lib/armv6-m\libc_nano.a(lib_a-init.o)
                              src\startup_stm32f0xx.o (__libc_init_array)
c:/program files (x86)/atollic/truestudio for arm 5.5.1/armtools/bin/../lib/gcc/arm-atollic-eabi/5.3.1/../../../../arm-atollic-eabi/lib/armv6-m\libc_nano.a(lib_a-reent.o)
                              src\syscalls.o (errno)
c:/program files (x86)/atollic/truestudio for arm 5.5.1/armtools/bin/../lib/gcc/arm-atollic-eabi/5.3.1/../../../../arm-atollic-eabi/lib/armv6-m\libc_nano.a(lib_a-strlen.o)
                              src\tiny_printf.o (strlen)
c:/program files (x86)/atollic/truestudio for arm 5.5.1/armtools/bin/../lib/gcc/arm-atollic-eabi/5.3.1/../../../../arm-atollic-eabi/lib/armv6-m\libc_nano.a(lib_a-impure.o)
                              c:/program files (x86)/atollic/truestudio for arm 5.5.1/armtools/bin/../lib/gcc/arm-atollic-eabi/5.3.1/../../../../arm-atollic-eabi/lib/armv6-m\libc_nano.a(lib_a-reent.o) (_impure_ptr)
c:/program files (x86)/atollic/truestudio for arm 5.5.1/armtools/bin/../lib/gcc/arm-atollic-eabi/5.3.1/../../../../arm-atollic-eabi/lib/armv6-m\libc_nano.a(lib_a-nano-freer.o)
                              c:/program files (x86)/atollic/truestudio for arm 5.5.1/armtools/bin/../lib/gcc/arm-atollic-eabi/5.3.1/../../../../arm-atollic-eabi/lib/armv6-m\libc_nano.a(lib_a-reent.o) (_free_r)
c:/program files (x86)/atollic/truestudio for arm 5.5.1/armtools/bin/../lib/gcc/arm-atollic-eabi/5.3.1/../../../../arm-atollic-eabi/lib/armv6-m\libc_nano.a(lib_a-nano-mallocr.o)
                              c:/program files (x86)/atollic/truestudio for arm 5.5.1/armtools/bin/../lib/gcc/arm-atollic-eabi/5.3.1/../../../../arm-atollic-eabi/lib/armv6-m\libc_nano.a(lib_a-nano-freer.o) (__malloc_free_list)
c:/program files (x86)/atollic/truestudio for arm 5.5.1/armtools/bin/../lib/gcc/arm-atollic-eabi/5.3.1/../../../../arm-atollic-eabi/lib/armv6-m\libc_nano.a(lib_a-sbrkr.o)
                              c:/program files (x86)/atollic/truestudio for arm 5.5.1/armtools/bin/../lib/gcc/arm-atollic-eabi/5.3.1/../../../../arm-atollic-eabi/lib/armv6-m\libc_nano.a(lib_a-nano-mallocr.o) (_sbrk_r)
c:/program files (x86)/atollic/truestudio for arm 5.5.1/armtools/bin/../lib/gcc/arm-atollic-eabi/5.3.1/../../../../arm-atollic-eabi/lib/armv6-m\libc_nano.a(lib_a-mlock.o)
                              c:/program files (x86)/atollic/truestudio for arm 5.5.1/armtools/bin/../lib/gcc/arm-atollic-eabi/5.3.1/../../../../arm-atollic-eabi/lib/armv6-m\libc_nano.a(lib_a-nano-freer.o) (__malloc_lock)
c:/program files (x86)/atollic/truestudio for arm 5.5.1/armtools/bin/../lib/gcc/arm-atollic-eabi/5.3.1/armv6-m\libgcc.a(_udivsi3.o)
                              src\tiny_printf.o (__aeabi_uidiv)
c:/program files (x86)/atollic/truestudio for arm 5.5.1/armtools/bin/../lib/gcc/arm-atollic-eabi/5.3.1/armv6-m\libgcc.a(_divsi3.o)
                              src\tiny_printf.o (__aeabi_idiv)
c:/program files (x86)/atollic/truestudio for arm 5.5.1/armtools/bin/../lib/gcc/arm-atollic-eabi/5.3.1/armv6-m\libgcc.a(_dvmd_tls.o)
                              c:/program files (x86)/atollic/truestudio for arm 5.5.1/armtools/bin/../lib/gcc/arm-atollic-eabi/5.3.1/armv6-m\libgcc.a(_udivsi3.o) (__aeabi_idiv0)

Allocating common symbols
Common symbol       size              file

errno               0x4               c:/program files (x86)/atollic/truestudio for arm 5.5.1/armtools/bin/../lib/gcc/arm-atollic-eabi/5.3.1/../../../../arm-atollic-eabi/lib/armv6-m\libc_nano.a(lib_a-reent.o)
sUSART1             0x201             Libraries\UART\uart.o

Discarded input sections

 .text          0x00000000        0x0 c:/program files (x86)/atollic/truestudio for arm 5.5.1/armtools/bin/../lib/gcc/arm-atollic-eabi/5.3.1/armv6-m/crti.o
 .data          0x00000000        0x0 c:/program files (x86)/atollic/truestudio for arm 5.5.1/armtools/bin/../lib/gcc/arm-atollic-eabi/5.3.1/armv6-m/crti.o
 .bss           0x00000000        0x0 c:/program files (x86)/atollic/truestudio for arm 5.5.1/armtools/bin/../lib/gcc/arm-atollic-eabi/5.3.1/armv6-m/crti.o
 .data          0x00000000        0x4 c:/program files (x86)/atollic/truestudio for arm 5.5.1/armtools/bin/../lib/gcc/arm-atollic-eabi/5.3.1/armv6-m/crtbegin.o
 .text          0x00000000        0x0 src\tiny_printf.o
 .data          0x00000000        0x0 src\tiny_printf.o
 .bss           0x00000000        0x0 src\tiny_printf.o
 .text.siprintf
                0x00000000       0x30 src\tiny_printf.o
 .text.fiprintf
                0x00000000       0xc8 src\tiny_printf.o
 .rodata        0x00000000        0x2 src\tiny_printf.o
 .text.fputs    0x00000000       0x70 src\tiny_printf.o
 .text.puts     0x00000000       0x60 src\tiny_printf.o
 .text.fwrite   0x00000000       0x3c src\tiny_printf.o
[...]
Memory Configuration

Name             Origin             Length             Attributes
FLASH            0x08000000         0x00010000         xr
RAM              0x20000000         0x00002000         xrw
MEMORY_B1        0x60000000         0x00000000         xr
*default*        0x00000000         0xffffffff

Linker script and memory map

LOAD c:/program files (x86)/atollic/truestudio for arm 5.5.1/armtools/bin/../lib/gcc/arm-atollic-eabi/5.3.1/armv6-m/crti.o
LOAD c:/program files (x86)/atollic/truestudio for arm 5.5.1/armtools/bin/../lib/gcc/arm-atollic-eabi/5.3.1/armv6-m/crtbegin.o
LOAD src\tiny_printf.o
LOAD src\system_stm32f0xx.o
LOAD src\syscalls.o
LOAD src\stm32f0xx_it.o
LOAD src\startup_stm32f0xx.o
LOAD src\main.o
LOAD Utilities\STM32F0-Discovery\stm32f0_discovery.o
LOAD Libraries\UART\uart.o
LOAD Libraries\STM32F0xx_StdPeriph_Driver\src\stm32f0xx_wwdg.o
LOAD Libraries\STM32F0xx_StdPeriph_Driver\src\stm32f0xx_usart.o
LOAD Libraries\STM32F0xx_StdPeriph_Driver\src\stm32f0xx_tim.o
LOAD Libraries\STM32F0xx_StdPeriph_Driver\src\stm32f0xx_syscfg.o
LOAD Libraries\STM32F0xx_StdPeriph_Driver\src\stm32f0xx_spi.o
LOAD Libraries\STM32F0xx_StdPeriph_Driver\src\stm32f0xx_rtc.o
LOAD Libraries\STM32F0xx_StdPeriph_Driver\src\stm32f0xx_rcc.o
LOAD Libraries\STM32F0xx_StdPeriph_Driver\src\stm32f0xx_pwr.o
LOAD Libraries\STM32F0xx_StdPeriph_Driver\src\stm32f0xx_misc.o
LOAD Libraries\STM32F0xx_StdPeriph_Driver\src\stm32f0xx_iwdg.o
LOAD Libraries\STM32F0xx_StdPeriph_Driver\src\stm32f0xx_i2c.o
LOAD Libraries\STM32F0xx_StdPeriph_Driver\src\stm32f0xx_gpio.o
LOAD Libraries\STM32F0xx_StdPeriph_Driver\src\stm32f0xx_flash.o
LOAD Libraries\STM32F0xx_StdPeriph_Driver\src\stm32f0xx_exti.o
LOAD Libraries\STM32F0xx_StdPeriph_Driver\src\stm32f0xx_dma.o
LOAD Libraries\STM32F0xx_StdPeriph_Driver\src\stm32f0xx_dbgmcu.o
LOAD Libraries\STM32F0xx_StdPeriph_Driver\src\stm32f0xx_dac.o
LOAD Libraries\STM32F0xx_StdPeriph_Driver\src\stm32f0xx_crs.o
LOAD Libraries\STM32F0xx_StdPeriph_Driver\src\stm32f0xx_crc.o
LOAD Libraries\STM32F0xx_StdPeriph_Driver\src\stm32f0xx_comp.o
LOAD Libraries\STM32F0xx_StdPeriph_Driver\src\stm32f0xx_cec.o
LOAD Libraries\STM32F0xx_StdPeriph_Driver\src\stm32f0xx_can.o
LOAD Libraries\STM32F0xx_StdPeriph_Driver\src\stm32f0xx_adc.o
LOAD Libraries\SPI\spi.o
LOAD Libraries\LED\led.o
START GROUP
LOAD c:/program files (x86)/atollic/truestudio for arm 5.5.1/armtools/bin/../lib/gcc/arm-atollic-eabi/5.3.1/../../../../arm-atollic-eabi/lib/armv6-m\libc_nano.a
LOAD c:/program files (x86)/atollic/truestudio for arm 5.5.1/armtools/bin/../lib/gcc/arm-atollic-eabi/5.3.1/../../../../arm-atollic-eabi/lib/armv6-m\libm.a
END GROUP
                0x00000080                malloc_getpagesize_P = 0x80
START GROUP
LOAD c:/program files (x86)/atollic/truestudio for arm 5.5.1/armtools/bin/../lib/gcc/arm-atollic-eabi/5.3.1/armv6-m\libgcc.a
LOAD c:/program files (x86)/atollic/truestudio for arm 5.5.1/armtools/bin/../lib/gcc/arm-atollic-eabi/5.3.1/../../../../arm-atollic-eabi/lib/armv6-m\libc_nano.a
END GROUP
START GROUP
LOAD c:/program files (x86)/atollic/truestudio for arm 5.5.1/armtools/bin/../lib/gcc/arm-atollic-eabi/5.3.1/armv6-m\libgcc.a
LOAD c:/program files (x86)/atollic/truestudio for arm 5.5.1/armtools/bin/../lib/gcc/arm-atollic-eabi/5.3.1/../../../../arm-atollic-eabi/lib/armv6-m\libc_nano.a
LOAD c:/program files (x86)/atollic/truestudio for arm 5.5.1/armtools/bin/../lib/gcc/arm-atollic-eabi/5.3.1/../../../../arm-atollic-eabi/lib/armv6-m\libnosys.a
END GROUP
START GROUP
LOAD c:/program files (x86)/atollic/truestudio for arm 5.5.1/armtools/bin/../lib/gcc/arm-atollic-eabi/5.3.1/armv6-m\libgcc.a
LOAD c:/program files (x86)/atollic/truestudio for arm 5.5.1/armtools/bin/../lib/gcc/arm-atollic-eabi/5.3.1/../../../../arm-atollic-eabi/lib/armv6-m\libc_nano.a
LOAD c:/program files (x86)/atollic/truestudio for arm 5.5.1/armtools/bin/../lib/gcc/arm-atollic-eabi/5.3.1/../../../../arm-atollic-eabi/lib/armv6-m\libnosys.a
END GROUP
LOAD c:/program files (x86)/atollic/truestudio for arm 5.5.1/armtools/bin/../lib/gcc/arm-atollic-eabi/5.3.1/armv6-m/crtend.o
LOAD c:/program files (x86)/atollic/truestudio for arm 5.5.1/armtools/bin/../lib/gcc/arm-atollic-eabi/5.3.1/armv6-m/crtn.o
                0x20002000                _estack = 0x20002000
                0x00000000                _Min_Heap_Size = 0x0
                0x00000080                _Min_Stack_Size = 0x80

.isr_vector     0x08000000       0xc0
                0x08000000                . = ALIGN (0x4)
 *(.isr_vector)
 .isr_vector    0x08000000       0xc0 src\startup_stm32f0xx.o
                0x08000000                g_pfnVectors
                0x080000c0                . = ALIGN (0x4)

.text           0x080000c0     0x1778
                0x080000c0                . = ALIGN (0x4)
 *(.text)
 .text          0x080000c0       0x48 c:/program files (x86)/atollic/truestudio for arm 5.5.1/armtools/bin/../lib/gcc/arm-atollic-eabi/5.3.1/armv6-m/crtbegin.o
 .text          0x08000108      0x114 c:/program files (x86)/atollic/truestudio for arm 5.5.1/armtools/bin/../lib/gcc/arm-atollic-eabi/5.3.1/armv6-m\libgcc.a(_udivsi3.o)
                0x08000108                __aeabi_uidiv
                0x08000108                __udivsi3
                0x08000214                __aeabi_uidivmod
 .text          0x0800021c      0x1d4 c:/program files (x86)/atollic/truestudio for arm 5.5.1/armtools/bin/../lib/gcc/arm-atollic-eabi/5.3.1/armv6-m\libgcc.a(_divsi3.o)
                0x0800021c                __divsi3
                0x0800021c                __aeabi_idiv
                0x080003e8                __aeabi_idivmod
 .text          0x080003f0        0x4 c:/program files (x86)/atollic/truestudio for arm 5.5.1/armtools/bin/../lib/gcc/arm-atollic-eabi/5.3.1/armv6-m\libgcc.a(_dvmd_tls.o)
                0x080003f0                __aeabi_idiv0
                0x080003f0                __aeabi_ldiv0
 *(.text*)
 .text.ts_itoa  0x080003f4       0x98 src\tiny_printf.o
                0x080003f4                ts_itoa
 .text.ts_formatstring
                0x0800048c      0x12c src\tiny_printf.o
                0x0800048c                ts_formatstring
 .text.ts_formatlength
                0x080005b8       0xa8 src\tiny_printf.o
                0x080005b8                ts_formatlength
 .text.iprintf  0x08000660       0xc0 src\tiny_printf.o
                0x08000660                iprintf
                0x08000660                printf
 .text.SystemInit
                0x08000720       0x8c src\system_stm32f0xx.o
                0x08000720                SystemInit
 .text.SystemCoreClockUpdate
                0x080007ac       0xd4 src\system_stm32f0xx.o
                0x080007ac                SystemCoreClockUpdate
 .text.SetSysClock
                0x08000880       0xe0 src\system_stm32f0xx.o
 .text._write   0x08000960       0x90 src\syscalls.o
                0x08000960                _write
 .text.NMI_Handler
                0x080009f0        0xc src\stm32f0xx_it.o
                0x080009f0                NMI_Handler
 .text.HardFault_Handler
                0x080009fc        0x8 src\stm32f0xx_it.o
                0x080009fc                HardFault_Handler
 .text.SVC_Handler
                0x08000a04        0xc src\stm32f0xx_it.o
                0x08000a04                SVC_Handler
 .text.PendSV_Handler
                0x08000a10        0xc src\stm32f0xx_it.o
                0x08000a10                PendSV_Handler
 .text.Reset_Handler
                0x08000a1c       0x50 src\startup_stm32f0xx.o
                0x08000a1c                Reset_Handler
 .text.Default_Handler
                0x08000a6c        0x2 src\startup_stm32f0xx.o
                0x08000a6c                TIM1_CC_IRQHandler
                0x08000a6c                ADC1_COMP_IRQHandler
                0x08000a6c                PVD_IRQHandler
                0x08000a6c                I2C1_IRQHandler
                0x08000a6c                SPI1_IRQHandler
                0x08000a6c                TIM6_DAC_IRQHandler
                0x08000a6c                EXTI2_3_IRQHandler
                0x08000a6c                I2C2_IRQHandler
                0x08000a6c                TIM17_IRQHandler
                0x08000a6c                RTC_IRQHandler
                0x08000a6c                TIM16_IRQHandler
                0x08000a6c                TIM3_IRQHandler
                0x08000a6c                EXTI4_15_IRQHandler
                0x08000a6c                RCC_IRQHandler
                0x08000a6c                DMA1_Channel1_IRQHandler
                0x08000a6c                Default_Handler
                0x08000a6c                CEC_IRQHandler
                0x08000a6c                TIM14_IRQHandler
                0x08000a6c                DMA1_Channel4_5_IRQHandler
                0x08000a6c                TIM15_IRQHandler
                0x08000a6c                EXTI0_1_IRQHandler
                0x08000a6c                SPI2_IRQHandler
                0x08000a6c                TS_IRQHandler
                0x08000a6c                WWDG_IRQHandler
                0x08000a6c                TIM2_IRQHandler
                0x08000a6c                DMA1_Channel2_3_IRQHandler
                0x08000a6c                USART2_IRQHandler
                0x08000a6c                FLASH_IRQHandler
                0x08000a6c                TIM1_BRK_UP_TRG_COM_IRQHandler
 *fill*         0x08000a6e        0x2 
 .text.NVIC_SetPriority
                0x08000a70       0xdc src\main.o
 .text.SysTick_Config
                0x08000b4c       0x48 src\main.o
 .text.SysTick_Handler
                0x08000b94       0x24 src\main.o
                0x08000b94                SysTick_Handler
 .text.SysTick_delay
                0x08000bb8      0x160 src\main.o
                0x08000bb8                SysTick_delay
 .text.main     0x08000d18       0x5c src\main.o
                0x08000d18                main
 .text.uartInit
                0x08000d74       0xf4 Libraries\UART\uart.o
                0x08000d74                uartInit
 .text.uartSimpleSend
                0x08000e68       0x38 Libraries\UART\uart.o
                0x08000e68                uartSimpleSend
 .text.USART1_IRQHandler
                0x08000ea0       0xb8 Libraries\UART\uart.o
                0x08000ea0                USART1_IRQHandler
 .text.USART_Init
                0x08000f58      0x174 Libraries\STM32F0xx_StdPeriph_Driver\src\stm32f0xx_usart.o
                0x08000f58                USART_Init
 .text.USART_Cmd
                0x080010cc       0x3c Libraries\STM32F0xx_StdPeriph_Driver\src\stm32f0xx_usart.o
                0x080010cc                USART_Cmd
 .text.USART_SendData
                0x08001108       0x24 Libraries\STM32F0xx_StdPeriph_Driver\src\stm32f0xx_usart.o
                0x08001108                USART_SendData
 .text.USART_ITConfig
                0x0800112c       0x88 Libraries\STM32F0xx_StdPeriph_Driver\src\stm32f0xx_usart.o
                0x0800112c                USART_ITConfig
 .text.USART_GetFlagStatus
                0x080011b4       0x3c Libraries\STM32F0xx_StdPeriph_Driver\src\stm32f0xx_usart.o
                0x080011b4                USART_GetFlagStatus
 .text.RCC_GetClocksFreq
                0x080011f0      0x268 Libraries\STM32F0xx_StdPeriph_Driver\src\stm32f0xx_rcc.o
                0x080011f0                RCC_GetClocksFreq
 .text.RCC_AHBPeriphClockCmd
                0x08001458       0x40 Libraries\STM32F0xx_StdPeriph_Driver\src\stm32f0xx_rcc.o
                0x08001458                RCC_AHBPeriphClockCmd
 .text.RCC_APB2PeriphClockCmd
                0x08001498       0x40 Libraries\STM32F0xx_StdPeriph_Driver\src\stm32f0xx_rcc.o
                0x08001498                RCC_APB2PeriphClockCmd
 .text.NVIC_Init
                0x080014d8       0xac Libraries\STM32F0xx_StdPeriph_Driver\src\stm32f0xx_misc.o
                0x080014d8                NVIC_Init
 .text.GPIO_Init
                0x08001584      0x130 Libraries\STM32F0xx_StdPeriph_Driver\src\stm32f0xx_gpio.o
                0x08001584                GPIO_Init
 .text.GPIO_PinAFConfig
                0x080016b4       0xa4 Libraries\STM32F0xx_StdPeriph_Driver\src\stm32f0xx_gpio.o
                0x080016b4                GPIO_PinAFConfig
 .text.ledInit  0x08001758       0x4c Libraries\LED\led.o
                0x08001758                ledInit
 .text.ledGreenOn
                0x080017a4       0x18 Libraries\LED\led.o
                0x080017a4                ledGreenOn
 .text.ledGreenOff
                0x080017bc       0x18 Libraries\LED\led.o
                0x080017bc                ledGreenOff
 .text.__libc_init_array
                0x080017d4       0x4c c:/program files (x86)/atollic/truestudio for arm 5.5.1/armtools/bin/../lib/gcc/arm-atollic-eabi/5.3.1/../../../../arm-atollic-eabi/lib/armv6-m\libc_nano.a(lib_a-init.o)
                0x080017d4                __libc_init_array
 *(.glue_7)
 .glue_7        0x08001820        0x0 linker stubs
 *(.glue_7t)
 .glue_7t       0x08001820        0x0 linker stubs
 *(.eh_frame)
 .eh_frame      0x08001820        0x0 c:/program files (x86)/atollic/truestudio for arm 5.5.1/armtools/bin/../lib/gcc/arm-atollic-eabi/5.3.1/armv6-m/crtbegin.o
 *(.init)
 .init          0x08001820        0x4 c:/program files (x86)/atollic/truestudio for arm 5.5.1/armtools/bin/../lib/gcc/arm-atollic-eabi/5.3.1/armv6-m/crti.o
                0x08001820                _init
 .init          0x08001824        0x8 c:/program files (x86)/atollic/truestudio for arm 5.5.1/armtools/bin/../lib/gcc/arm-atollic-eabi/5.3.1/armv6-m/crtn.o
 *(.fini)
 .fini          0x0800182c        0x4 c:/program files (x86)/atollic/truestudio for arm 5.5.1/armtools/bin/../lib/gcc/arm-atollic-eabi/5.3.1/armv6-m/crti.o
                0x0800182c                _fini
 .fini          0x08001830        0x8 c:/program files (x86)/atollic/truestudio for arm 5.5.1/armtools/bin/../lib/gcc/arm-atollic-eabi/5.3.1/armv6-m/crtn.o
                0x08001838                . = ALIGN (0x4)
                0x08001838                _etext = .

.vfp11_veneer   0x08001838        0x0
 .vfp11_veneer  0x08001838        0x0 linker stubs

.v4_bx          0x08001838        0x0
 .v4_bx         0x08001838        0x0 linker stubs

.iplt           0x08001838        0x0
 .iplt          0x08001838        0x0 c:/program files (x86)/atollic/truestudio for arm 5.5.1/armtools/bin/../lib/gcc/arm-atollic-eabi/5.3.1/armv6-m/crtbegin.o

.rodata         0x08001838       0x9c
                0x08001838                . = ALIGN (0x4)
 *(.rodata)
 .rodata        0x08001838       0x16 src\main.o
 *(.rodata*)
 *fill*         0x0800184e        0x2 
 .rodata.ts_formatlength
                0x08001850       0x84 src\tiny_printf.o
                0x080018d4                . = ALIGN (0x4)

.rel.dyn        0x080018d4        0x0
 .rel.iplt      0x080018d4        0x0 c:/program files (x86)/atollic/truestudio for arm 5.5.1/armtools/bin/../lib/gcc/arm-atollic-eabi/5.3.1/armv6-m/crtbegin.o

.ARM.extab
 *(.ARM.extab* .gnu.linkonce.armextab.*)

.ARM            0x080018d4        0x0
                0x080018d4                __exidx_start = .
 *(.ARM.exidx*)
                0x080018d4                __exidx_end = .

.preinit_array  0x080018d4        0x0
                0x080018d4                PROVIDE (__preinit_array_start, .)
 *(.preinit_array*)
                0x080018d4                PROVIDE (__preinit_array_end, .)

.init_array     0x080018d4        0x4
                0x080018d4                PROVIDE (__init_array_start, .)
 *(SORT(.init_array.*))
 *(.init_array*)
 .init_array    0x080018d4        0x4 c:/program files (x86)/atollic/truestudio for arm 5.5.1/armtools/bin/../lib/gcc/arm-atollic-eabi/5.3.1/armv6-m/crtbegin.o
                0x080018d8                PROVIDE (__init_array_end, .)

.fini_array     0x080018d8        0x4
                [!provide]                PROVIDE (__fini_array_start, .)
 *(SORT(.fini_array.*))
 *(.fini_array*)
 .fini_array    0x080018d8        0x4 c:/program files (x86)/atollic/truestudio for arm 5.5.1/armtools/bin/../lib/gcc/arm-atollic-eabi/5.3.1/armv6-m/crtbegin.o
                [!provide]                PROVIDE (__fini_array_end, .)
                0x080018dc                _sidata = LOADADDR (.data)

.data           0x20000000       0x24 load address 0x080018dc
                0x20000000                . = ALIGN (0x4)
                0x20000000                _sdata = .
 *(.data)
 *(.data*)
 .data.SystemCoreClock
                0x20000000        0x4 src\system_stm32f0xx.o
                0x20000000                SystemCoreClock
 .data.AHBPrescTable
                0x20000004       0x10 src\system_stm32f0xx.o
                0x20000004                AHBPrescTable
 .data.APBAHBPrescTable
                0x20000014       0x10 Libraries\STM32F0xx_StdPeriph_Driver\src\stm32f0xx_rcc.o
                0x20000024                . = ALIGN (0x4)
                0x20000024                _edata = .

.igot.plt       0x20000024        0x0 load address 0x08001900
 .igot.plt      0x20000024        0x0 c:/program files (x86)/atollic/truestudio for arm 5.5.1/armtools/bin/../lib/gcc/arm-atollic-eabi/5.3.1/armv6-m/crtbegin.o
                0x20000024                . = ALIGN (0x4)

.bss            0x20000024      0x224 load address 0x08001900
                0x20000024                _sbss = .
                0x20000024                __bss_start__ = _sbss
 *(.bss)
 .bss           0x20000024       0x1c c:/program files (x86)/atollic/truestudio for arm 5.5.1/armtools/bin/../lib/gcc/arm-atollic-eabi/5.3.1/armv6-m/crtbegin.o
 *(.bss*)
 .bss.wait      0x20000040        0x1 src\main.o
                0x20000040                wait
 *(COMMON)
 *fill*         0x20000041        0x3 
 COMMON         0x20000044      0x201 Libraries\UART\uart.o
                0x20000044                sUSART1
                0x20000248                . = ALIGN (0x4)
 *fill*         0x20000245        0x3 
                0x20000248                _ebss = .
                0x20000248                __bss_end__ = _ebss

._user_heap_stack
                0x20000248       0x80 load address 0x08001900
                0x20000248                . = ALIGN (0x4)
                0x20000248                PROVIDE (end, .)
                [!provide]                PROVIDE (_end, .)
                0x20000248                . = (. + _Min_Heap_Size)
                0x200002c8                . = (. + _Min_Stack_Size)
 *fill*         0x20000248       0x80 
                0x200002c8                . = ALIGN (0x4)

.memory_b1_text
 *(.mb1text)
 *(.mb1text*)
 *(.mb1rodata)
 *(.mb1rodata*)

/DISCARD/
 libc.a(*)
 libm.a(*)
 libgcc.a(*)

.ARM.attributes
                0x00000000       0x28
 *(.ARM.attributes)
 .ARM.attributes
                0x00000000       0x1e c:/program files (x86)/atollic/truestudio for arm 5.5.1/armtools/bin/../lib/gcc/arm-atollic-eabi/5.3.1/armv6-m/crti.o
 .ARM.attributes
                0x0000001e       0x2c c:/program files (x86)/atollic/truestudio for arm 5.5.1/armtools/bin/../lib/gcc/arm-atollic-eabi/5.3.1/armv6-m/crtbegin.o
 .ARM.attributes
                0x0000004a       0x31 src\tiny_printf.o
 .ARM.attributes
                0x0000007b       0x31 src\system_stm32f0xx.o
 .ARM.attributes
                0x000000ac       0x31 src\syscalls.o
 .ARM.attributes
                0x000000dd       0x31 src\stm32f0xx_it.o
 .ARM.attributes
                0x0000010e       0x21 src\startup_stm32f0xx.o
 .ARM.attributes
                0x0000012f       0x31 src\main.o
 .ARM.attributes
                0x00000160       0x31 Libraries\UART\uart.o
 .ARM.attributes
                0x00000191       0x31 Libraries\STM32F0xx_StdPeriph_Driver\src\stm32f0xx_usart.o
 .ARM.attributes
                0x000001c2       0x31 Libraries\STM32F0xx_StdPeriph_Driver\src\stm32f0xx_rcc.o
 .ARM.attributes
                0x000001f3       0x31 Libraries\STM32F0xx_StdPeriph_Driver\src\stm32f0xx_misc.o
 .ARM.attributes
                0x00000224       0x31 Libraries\STM32F0xx_StdPeriph_Driver\src\stm32f0xx_gpio.o
 .ARM.attributes
                0x00000255       0x31 Libraries\LED\led.o
 .ARM.attributes
                0x00000286       0x2c c:/program files (x86)/atollic/truestudio for arm 5.5.1/armtools/bin/../lib/gcc/arm-atollic-eabi/5.3.1/../../../../arm-atollic-eabi/lib/armv6-m\libc_nano.a(lib_a-init.o)
 .ARM.attributes
                0x000002b2       0x1e c:/program files (x86)/atollic/truestudio for arm 5.5.1/armtools/bin/../lib/gcc/arm-atollic-eabi/5.3.1/armv6-m\libgcc.a(_udivsi3.o)
 .ARM.attributes
                0x000002d0       0x1e c:/program files (x86)/atollic/truestudio for arm 5.5.1/armtools/bin/../lib/gcc/arm-atollic-eabi/5.3.1/armv6-m\libgcc.a(_divsi3.o)
 .ARM.attributes
                0x000002ee       0x1e c:/program files (x86)/atollic/truestudio for arm 5.5.1/armtools/bin/../lib/gcc/arm-atollic-eabi/5.3.1/armv6-m\libgcc.a(_dvmd_tls.o)
 .ARM.attributes
                0x0000030c       0x1e c:/program files (x86)/atollic/truestudio for arm 5.5.1/armtools/bin/../lib/gcc/arm-atollic-eabi/5.3.1/armv6-m/crtn.o
OUTPUT(powerMeter.elf elf32-littlearm)

.debug_info     0x00000000     0x49e6
 .debug_info    0x00000000      0xbcb src\tiny_printf.o
 .debug_info    0x00000bcb      0x301 src\system_stm32f0xx.o
 .debug_info    0x00000ecc      0x7e9 src\syscalls.o
 .debug_info    0x000016b5       0xfb src\stm32f0xx_it.o
 .debug_info    0x000017b0       0x86 src\startup_stm32f0xx.o
 .debug_info    0x00001836      0x66f src\main.o
 .debug_info    0x00001ea5      0x658 Libraries\UART\uart.o
 .debug_info    0x000024fd      0xe52 Libraries\STM32F0xx_StdPeriph_Driver\src\stm32f0xx_usart.o
 .debug_info    0x0000334f      0xa36 Libraries\STM32F0xx_StdPeriph_Driver\src\stm32f0xx_rcc.o
 .debug_info    0x00003d85      0x372 Libraries\STM32F0xx_StdPeriph_Driver\src\stm32f0xx_misc.o
 .debug_info    0x000040f7      0x5eb Libraries\STM32F0xx_StdPeriph_Driver\src\stm32f0xx_gpio.o
 .debug_info    0x000046e2      0x304 Libraries\LED\led.o

.debug_abbrev   0x00000000     0x108d
 .debug_abbrev  0x00000000      0x248 src\tiny_printf.o
 .debug_abbrev  0x00000248      0x138 src\system_stm32f0xx.o
 .debug_abbrev  0x00000380      0x1dc src\syscalls.o
 .debug_abbrev  0x0000055c       0x42 src\stm32f0xx_it.o
 .debug_abbrev  0x0000059e       0x12 src\startup_stm32f0xx.o
 .debug_abbrev  0x000005b0      0x205 src\main.o
 .debug_abbrev  0x000007b5      0x194 Libraries\UART\uart.o
 .debug_abbrev  0x00000949      0x160 Libraries\STM32F0xx_StdPeriph_Driver\src\stm32f0xx_usart.o
 .debug_abbrev  0x00000aa9      0x1f0 Libraries\STM32F0xx_StdPeriph_Driver\src\stm32f0xx_rcc.o
 .debug_abbrev  0x00000c99      0x147 Libraries\STM32F0xx_StdPeriph_Driver\src\stm32f0xx_misc.o
 .debug_abbrev  0x00000de0      0x1a1 Libraries\STM32F0xx_StdPeriph_Driver\src\stm32f0xx_gpio.o
 .debug_abbrev  0x00000f81      0x10c Libraries\LED\led.o

.debug_aranges  0x00000000      0x638
 .debug_aranges
                0x00000000       0x60 src\tiny_printf.o
 .debug_aranges
                0x00000060       0x30 src\system_stm32f0xx.o
 .debug_aranges
                0x00000090       0xb0 src\syscalls.o
 .debug_aranges
                0x00000140       0x58 src\stm32f0xx_it.o
 .debug_aranges
                0x00000198       0x28 src\startup_stm32f0xx.o
 .debug_aranges
                0x000001c0       0x48 src\main.o
 .debug_aranges
                0x00000208       0x40 Libraries\UART\uart.o
 .debug_aranges
                0x00000248      0x1a0 Libraries\STM32F0xx_StdPeriph_Driver\src\stm32f0xx_usart.o
 .debug_aranges
                0x000003e8      0x160 Libraries\STM32F0xx_StdPeriph_Driver\src\stm32f0xx_rcc.o
 .debug_aranges
                0x00000548       0x30 Libraries\STM32F0xx_StdPeriph_Driver\src\stm32f0xx_misc.o
 .debug_aranges
                0x00000578       0x80 Libraries\STM32F0xx_StdPeriph_Driver\src\stm32f0xx_gpio.o
 .debug_aranges
                0x000005f8       0x40 Libraries\LED\led.o

.debug_ranges   0x00000000      0x580
 .debug_ranges  0x00000000       0x50 src\tiny_printf.o
 .debug_ranges  0x00000050       0x20 src\system_stm32f0xx.o
 .debug_ranges  0x00000070       0xa0 src\syscalls.o
 .debug_ranges  0x00000110       0x48 src\stm32f0xx_it.o
 .debug_ranges  0x00000158       0x20 src\startup_stm32f0xx.o
 .debug_ranges  0x00000178       0x38 src\main.o
 .debug_ranges  0x000001b0       0x30 Libraries\UART\uart.o
 .debug_ranges  0x000001e0      0x190 Libraries\STM32F0xx_StdPeriph_Driver\src\stm32f0xx_usart.o
 .debug_ranges  0x00000370      0x150 Libraries\STM32F0xx_StdPeriph_Driver\src\stm32f0xx_rcc.o
 .debug_ranges  0x000004c0       0x20 Libraries\STM32F0xx_StdPeriph_Driver\src\stm32f0xx_misc.o
 .debug_ranges  0x000004e0       0x70 Libraries\STM32F0xx_StdPeriph_Driver\src\stm32f0xx_gpio.o
 .debug_ranges  0x00000550       0x30 Libraries\LED\led.o

.debug_line     0x00000000     0x20ab
 .debug_line    0x00000000      0x2b9 src\tiny_printf.o
 .debug_line    0x000002b9      0x1de src\system_stm32f0xx.o
 .debug_line    0x00000497      0x316 src\syscalls.o
 .debug_line    0x000007ad       0xcc src\stm32f0xx_it.o
 .debug_line    0x00000879       0x7c src\startup_stm32f0xx.o
 .debug_line    0x000008f5      0x2ae src\main.o
 .debug_line    0x00000ba3      0x270 Libraries\UART\uart.o
 .debug_line    0x00000e13      0x607 Libraries\STM32F0xx_StdPeriph_Driver\src\stm32f0xx_usart.o
 .debug_line    0x0000141a      0x565 Libraries\STM32F0xx_StdPeriph_Driver\src\stm32f0xx_rcc.o
 .debug_line    0x0000197f      0x229 Libraries\STM32F0xx_StdPeriph_Driver\src\stm32f0xx_misc.o
 .debug_line    0x00001ba8      0x312 Libraries\STM32F0xx_StdPeriph_Driver\src\stm32f0xx_gpio.o
 .debug_line    0x00001eba      0x1f1 Libraries\LED\led.o

.debug_str      0x00000000     0x1d66
 .debug_str     0x00000000      0x575 src\tiny_printf.o
                                0x5fb (size before relaxing)
 .debug_str     0x00000575      0x127 src\system_stm32f0xx.o
                                0x2c5 (size before relaxing)
 .debug_str     0x0000069c      0x223 src\syscalls.o
                                0x445 (size before relaxing)
 .debug_str     0x000008bf       0x96 src\stm32f0xx_it.o
                                0x201 (size before relaxing)
 .debug_str     0x00000955      0x440 src\main.o
                                0x641 (size before relaxing)
 .debug_str     0x00000d95      0x1c8 Libraries\UART\uart.o
                                0x6d7 (size before relaxing)
 .debug_str     0x00000f5d      0x725 Libraries\STM32F0xx_StdPeriph_Driver\src\stm32f0xx_usart.o
                                0x9cb (size before relaxing)
 .debug_str     0x00001682      0x46a Libraries\STM32F0xx_StdPeriph_Driver\src\stm32f0xx_rcc.o
                                0x7cd (size before relaxing)
 .debug_str     0x00001aec       0xae Libraries\STM32F0xx_StdPeriph_Driver\src\stm32f0xx_misc.o
                                0x349 (size before relaxing)
 .debug_str     0x00001b9a      0x181 Libraries\STM32F0xx_StdPeriph_Driver\src\stm32f0xx_gpio.o
                                0x4df (size before relaxing)
 .debug_str     0x00001d1b       0x4b Libraries\LED\led.o
                                0x39b (size before relaxing)

.comment        0x00000000       0x7e
 .comment       0x00000000       0x7e src\tiny_printf.o
                                 0x7f (size before relaxing)
 .comment       0x0000007e       0x7f src\system_stm32f0xx.o
 .comment       0x0000007e       0x7f src\syscalls.o
 .comment       0x0000007e       0x7f src\stm32f0xx_it.o
 .comment       0x0000007e       0x7f src\main.o
 .comment       0x0000007e       0x7f Libraries\UART\uart.o
 .comment       0x0000007e       0x7f Libraries\STM32F0xx_StdPeriph_Driver\src\stm32f0xx_usart.o
 .comment       0x0000007e       0x7f Libraries\STM32F0xx_StdPeriph_Driver\src\stm32f0xx_rcc.o
 .comment       0x0000007e       0x7f Libraries\STM32F0xx_StdPeriph_Driver\src\stm32f0xx_misc.o
 .comment       0x0000007e       0x7f Libraries\STM32F0xx_StdPeriph_Driver\src\stm32f0xx_gpio.o
 .comment       0x0000007e       0x7f Libraries\LED\led.o

.debug_frame    0x00000000     0x1500
 .debug_frame   0x00000000      0x140 src\tiny_printf.o
 .debug_frame   0x00000140       0x6c src\system_stm32f0xx.o
 .debug_frame   0x000001ac      0x264 src\syscalls.o
 .debug_frame   0x00000410       0xf0 src\stm32f0xx_it.o
 .debug_frame   0x00000500       0xd0 src\main.o
 .debug_frame   0x000005d0       0xb0 Libraries\UART\uart.o
 .debug_frame   0x00000680      0x630 Libraries\STM32F0xx_StdPeriph_Driver\src\stm32f0xx_usart.o
 .debug_frame   0x00000cb0      0x524 Libraries\STM32F0xx_StdPeriph_Driver\src\stm32f0xx_rcc.o
 .debug_frame   0x000011d4       0x70 Libraries\STM32F0xx_StdPeriph_Driver\src\stm32f0xx_misc.o
 .debug_frame   0x00001244      0x1b0 Libraries\STM32F0xx_StdPeriph_Driver\src\stm32f0xx_gpio.o
 .debug_frame   0x000013f4       0xa0 Libraries\LED\led.o
 .debug_frame   0x00001494       0x2c c:/program files (x86)/atollic/truestudio for arm 5.5.1/armtools/bin/../lib/gcc/arm-atollic-eabi/5.3.1/../../../../arm-atollic-eabi/lib/armv6-m\libc_nano.a(lib_a-init.o)
 .debug_frame   0x000014c0       0x20 c:/program files (x86)/atollic/truestudio for arm 5.5.1/armtools/bin/../lib/gcc/arm-atollic-eabi/5.3.1/armv6-m\libgcc.a(_udivsi3.o)
 .debug_frame   0x000014e0       0x20 c:/program files (x86)/atollic/truestudio for arm 5.5.1/armtools/bin/../lib/gcc/arm-atollic-eabi/5.3.1/armv6-m\libgcc.a(_divsi3.o)

Cross Reference Table

Symbol                                            File
ADC1_COMP_IRQHandler                              src\startup_stm32f0xx.o
ADC_AnalogWatchdogCmd                             Libraries\STM32F0xx_StdPeriph_Driver\src\stm32f0xx_adc.o
ADC_AnalogWatchdogSingleChannelCmd                Libraries\STM32F0xx_StdPeriph_Driver\src\stm32f0xx_adc.o
ADC_AnalogWatchdogSingleChannelConfig             Libraries\STM32F0xx_StdPeriph_Driver\src\stm32f0xx_adc.o
ADC_AnalogWatchdogThresholdsConfig                Libraries\STM32F0xx_StdPeriph_Driver\src\stm32f0xx_adc.o
ADC_AutoPowerOffCmd                               Libraries\STM32F0xx_StdPeriph_Driver\src\stm32f0xx_adc.o
ADC_ChannelConfig                                 Libraries\STM32F0xx_StdPeriph_Driver\src\stm32f0xx_adc.o
ADC_ClearFlag                                     Libraries\STM32F0xx_StdPeriph_Driver\src\stm32f0xx_adc.o
ADC_ClearITPendingBit                             Libraries\STM32F0xx_StdPeriph_Driver\src\stm32f0xx_adc.o
ADC_ClockModeConfig                               Libraries\STM32F0xx_StdPeriph_Driver\src\stm32f0xx_adc.o
ADC_Cmd                                           Libraries\STM32F0xx_StdPeriph_Driver\src\stm32f0xx_adc.o
ADC_ContinuousModeCmd                             Libraries\STM32F0xx_StdPeriph_Driver\src\stm32f0xx_adc.o
ADC_DMACmd                                        Libraries\STM32F0xx_StdPeriph_Driver\src\stm32f0xx_adc.o
ADC_DMARequestModeConfig                          Libraries\STM32F0xx_StdPeriph_Driver\src\stm32f0xx_adc.o
ADC_DeInit                                        Libraries\STM32F0xx_StdPeriph_Driver\src\stm32f0xx_adc.o
ADC_DiscModeCmd                                   Libraries\STM32F0xx_StdPeriph_Driver\src\stm32f0xx_adc.o
ADC_GetCalibrationFactor                          Libraries\STM32F0xx_StdPeriph_Driver\src\stm32f0xx_adc.o
ADC_GetConversionValue                            Libraries\STM32F0xx_StdPeriph_Driver\src\stm32f0xx_adc.o
ADC_GetFlagStatus                                 Libraries\STM32F0xx_StdPeriph_Driver\src\stm32f0xx_adc.o
ADC_GetITStatus                                   Libraries\STM32F0xx_StdPeriph_Driver\src\stm32f0xx_adc.o
ADC_ITConfig                                      Libraries\STM32F0xx_StdPeriph_Driver\src\stm32f0xx_adc.o
ADC_Init                                          Libraries\STM32F0xx_StdPeriph_Driver\src\stm32f0xx_adc.o
ADC_JitterCmd                                     Libraries\STM32F0xx_StdPeriph_Driver\src\stm32f0xx_adc.o
ADC_OverrunModeCmd                                Libraries\STM32F0xx_StdPeriph_Driver\src\stm32f0xx_adc.o
ADC_StartOfConversion                             Libraries\STM32F0xx_StdPeriph_Driver\src\stm32f0xx_adc.o
ADC_StopOfConversion                              Libraries\STM32F0xx_StdPeriph_Driver\src\stm32f0xx_adc.o
ADC_StructInit                                    Libraries\STM32F0xx_StdPeriph_Driver\src\stm32f0xx_adc.o
ADC_TempSensorCmd                                 Libraries\STM32F0xx_StdPeriph_Driver\src\stm32f0xx_adc.o
ADC_VbatCmd                                       Libraries\STM32F0xx_StdPeriph_Driver\src\stm32f0xx_adc.o
ADC_VrefintCmd                                    Libraries\STM32F0xx_StdPeriph_Driver\src\stm32f0xx_adc.o
ADC_WaitModeCmd                                   Libraries\STM32F0xx_StdPeriph_Driver\src\stm32f0xx_adc.o
AHBPrescTable                                     src\system_stm32f0xx.o
BUTTON_CLK                                        Utilities\STM32F0-Discovery\stm32f0_discovery.o
BUTTON_EXTI_LINE                                  Utilities\STM32F0-Discovery\stm32f0_discovery.o
BUTTON_IRQn                                       Utilities\STM32F0-Discovery\stm32f0_discovery.o
BUTTON_PIN                                        Utilities\STM32F0-Discovery\stm32f0_discovery.o
BUTTON_PIN_SOURCE                                 Utilities\STM32F0-Discovery\stm32f0_discovery.o
BUTTON_PORT                                       Utilities\STM32F0-Discovery\stm32f0_discovery.o
BUTTON_PORT_SOURCE                                Utilities\STM32F0-Discovery\stm32f0_discovery.o
BusFault_Handler                                  src\stm32f0xx_it.o
CAN_CancelTransmit                                Libraries\STM32F0xx_StdPeriph_Driver\src\stm32f0xx_can.o
CAN_ClearFlag                                     Libraries\STM32F0xx_StdPeriph_Driver\src\stm32f0xx_can.o
CAN_ClearITPendingBit                             Libraries\STM32F0xx_StdPeriph_Driver\src\stm32f0xx_can.o
CAN_DBGFreeze                                     Libraries\STM32F0xx_StdPeriph_Driver\src\stm32f0xx_can.o
CAN_DeInit                                        Libraries\STM32F0xx_StdPeriph_Driver\src\stm32f0xx_can.o
CAN_FIFORelease                                   Libraries\STM32F0xx_StdPeriph_Driver\src\stm32f0xx_can.o
CAN_FilterInit                                    Libraries\STM32F0xx_StdPeriph_Driver\src\stm32f0xx_can.o
CAN_GetFlagStatus                                 Libraries\STM32F0xx_StdPeriph_Driver\src\stm32f0xx_can.o
CAN_GetITStatus                                   Libraries\STM32F0xx_StdPeriph_Driver\src\stm32f0xx_can.o
CAN_GetLSBTransmitErrorCounter                    Libraries\STM32F0xx_StdPeriph_Driver\src\stm32f0xx_can.o
CAN_GetLastErrorCode                              Libraries\STM32F0xx_StdPeriph_Driver\src\stm32f0xx_can.o
CAN_GetReceiveErrorCounter                        Libraries\STM32F0xx_StdPeriph_Driver\src\stm32f0xx_can.o
CAN_ITConfig                                      Libraries\STM32F0xx_StdPeriph_Driver\src\stm32f0xx_can.o
CAN_Init                                          Libraries\STM32F0xx_StdPeriph_Driver\src\stm32f0xx_can.o
CAN_MessagePending                                Libraries\STM32F0xx_StdPeriph_Driver\src\stm32f0xx_can.o
CAN_OperatingModeRequest                          Libraries\STM32F0xx_StdPeriph_Driver\src\stm32f0xx_can.o
CAN_Receive                                       Libraries\STM32F0xx_StdPeriph_Driver\src\stm32f0xx_can.o
CAN_SlaveStartBank                                Libraries\STM32F0xx_StdPeriph_Driver\src\stm32f0xx_can.o
CAN_Sleep                                         Libraries\STM32F0xx_StdPeriph_Driver\src\stm32f0xx_can.o
CAN_StructInit                                    Libraries\STM32F0xx_StdPeriph_Driver\src\stm32f0xx_can.o
CAN_TTComModeCmd                                  Libraries\STM32F0xx_StdPeriph_Driver\src\stm32f0xx_can.o
CAN_Transmit                                      Libraries\STM32F0xx_StdPeriph_Driver\src\stm32f0xx_can.o
CAN_TransmitStatus                                Libraries\STM32F0xx_StdPeriph_Driver\src\stm32f0xx_can.o
CAN_WakeUp                                        Libraries\STM32F0xx_StdPeriph_Driver\src\stm32f0xx_can.o
CEC_ClearFlag                                     Libraries\STM32F0xx_StdPeriph_Driver\src\stm32f0xx_cec.o
CEC_ClearITPendingBit                             Libraries\STM32F0xx_StdPeriph_Driver\src\stm32f0xx_cec.o
CEC_Cmd                                           Libraries\STM32F0xx_StdPeriph_Driver\src\stm32f0xx_cec.o
CEC_DeInit                                        Libraries\STM32F0xx_StdPeriph_Driver\src\stm32f0xx_cec.o
CEC_EndOfMessage                                  Libraries\STM32F0xx_StdPeriph_Driver\src\stm32f0xx_cec.o
CEC_GetFlagStatus                                 Libraries\STM32F0xx_StdPeriph_Driver\src\stm32f0xx_cec.o
CEC_GetITStatus                                   Libraries\STM32F0xx_StdPeriph_Driver\src\stm32f0xx_cec.o
CEC_IRQHandler                                    src\startup_stm32f0xx.o
CEC_ITConfig                                      Libraries\STM32F0xx_StdPeriph_Driver\src\stm32f0xx_cec.o
CEC_Init                                          Libraries\STM32F0xx_StdPeriph_Driver\src\stm32f0xx_cec.o
CEC_ListenModeCmd                                 Libraries\STM32F0xx_StdPeriph_Driver\src\stm32f0xx_cec.o
CEC_OwnAddressClear                               Libraries\STM32F0xx_StdPeriph_Driver\src\stm32f0xx_cec.o
CEC_OwnAddressConfig                              Libraries\STM32F0xx_StdPeriph_Driver\src\stm32f0xx_cec.o
CEC_ReceiveData                                   Libraries\STM32F0xx_StdPeriph_Driver\src\stm32f0xx_cec.o
CEC_SendData                                      Libraries\STM32F0xx_StdPeriph_Driver\src\stm32f0xx_cec.o
CEC_StartOfMessage                                Libraries\STM32F0xx_StdPeriph_Driver\src\stm32f0xx_cec.o
CEC_StructInit                                    Libraries\STM32F0xx_StdPeriph_Driver\src\stm32f0xx_cec.o
COMP_Cmd                                          Libraries\STM32F0xx_StdPeriph_Driver\src\stm32f0xx_comp.o
COMP_DeInit                                       Libraries\STM32F0xx_StdPeriph_Driver\src\stm32f0xx_comp.o
COMP_GetOutputLevel                               Libraries\STM32F0xx_StdPeriph_Driver\src\stm32f0xx_comp.o
COMP_Init                                         Libraries\STM32F0xx_StdPeriph_Driver\src\stm32f0xx_comp.o
COMP_LockConfig                                   Libraries\STM32F0xx_StdPeriph_Driver\src\stm32f0xx_comp.o
COMP_StructInit                                   Libraries\STM32F0xx_StdPeriph_Driver\src\stm32f0xx_comp.o
COMP_SwitchCmd                                    Libraries\STM32F0xx_StdPeriph_Driver\src\stm32f0xx_comp.o
COMP_WindowCmd                                    Libraries\STM32F0xx_StdPeriph_Driver\src\stm32f0xx_comp.o
CRC_CalcBlockCRC                                  Libraries\STM32F0xx_StdPeriph_Driver\src\stm32f0xx_crc.o
CRC_CalcCRC                                       Libraries\STM32F0xx_StdPeriph_Driver\src\stm32f0xx_crc.o
CRC_CalcCRC16bits                                 Libraries\STM32F0xx_StdPeriph_Driver\src\stm32f0xx_crc.o
CRC_CalcCRC8bits                                  Libraries\STM32F0xx_StdPeriph_Driver\src\stm32f0xx_crc.o
CRC_DeInit                                        Libraries\STM32F0xx_StdPeriph_Driver\src\stm32f0xx_crc.o
CRC_GetCRC                                        Libraries\STM32F0xx_StdPeriph_Driver\src\stm32f0xx_crc.o
CRC_GetIDRegister                                 Libraries\STM32F0xx_StdPeriph_Driver\src\stm32f0xx_crc.o
CRC_PolynomialSizeSelect                          Libraries\STM32F0xx_StdPeriph_Driver\src\stm32f0xx_crc.o
CRC_ResetDR                                       Libraries\STM32F0xx_StdPeriph_Driver\src\stm32f0xx_crc.o
CRC_ReverseInputDataSelect                        Libraries\STM32F0xx_StdPeriph_Driver\src\stm32f0xx_crc.o
CRC_ReverseOutputDataCmd                          Libraries\STM32F0xx_StdPeriph_Driver\src\stm32f0xx_crc.o
CRC_SetIDRegister                                 Libraries\STM32F0xx_StdPeriph_Driver\src\stm32f0xx_crc.o
CRC_SetInitRegister                               Libraries\STM32F0xx_StdPeriph_Driver\src\stm32f0xx_crc.o
CRC_SetPolynomial                                 Libraries\STM32F0xx_StdPeriph_Driver\src\stm32f0xx_crc.o
CRS_AdjustHSI48CalibrationValue                   Libraries\STM32F0xx_StdPeriph_Driver\src\stm32f0xx_crs.o
CRS_AutomaticCalibrationCmd                       Libraries\STM32F0xx_StdPeriph_Driver\src\stm32f0xx_crs.o
CRS_ClearFlag                                     Libraries\STM32F0xx_StdPeriph_Driver\src\stm32f0xx_crs.o
CRS_ClearITPendingBit                             Libraries\STM32F0xx_StdPeriph_Driver\src\stm32f0xx_crs.o
CRS_DeInit                                        Libraries\STM32F0xx_StdPeriph_Driver\src\stm32f0xx_crs.o
CRS_FrequencyErrorCounterCmd                      Libraries\STM32F0xx_StdPeriph_Driver\src\stm32f0xx_crs.o
CRS_FrequencyErrorCounterReload                   Libraries\STM32F0xx_StdPeriph_Driver\src\stm32f0xx_crs.o
CRS_FrequencyErrorLimitConfig                     Libraries\STM32F0xx_StdPeriph_Driver\src\stm32f0xx_crs.o
CRS_GetFlagStatus                                 Libraries\STM32F0xx_StdPeriph_Driver\src\stm32f0xx_crs.o
CRS_GetFrequencyErrorDirection                    Libraries\STM32F0xx_StdPeriph_Driver\src\stm32f0xx_crs.o
CRS_GetFrequencyErrorValue                        Libraries\STM32F0xx_StdPeriph_Driver\src\stm32f0xx_crs.o
CRS_GetHSI48CalibrationValue                      Libraries\STM32F0xx_StdPeriph_Driver\src\stm32f0xx_crs.o
CRS_GetITStatus                                   Libraries\STM32F0xx_StdPeriph_Driver\src\stm32f0xx_crs.o
CRS_GetReloadValue                                Libraries\STM32F0xx_StdPeriph_Driver\src\stm32f0xx_crs.o
CRS_ITConfig                                      Libraries\STM32F0xx_StdPeriph_Driver\src\stm32f0xx_crs.o
CRS_SoftwareSynchronizationGenerate               Libraries\STM32F0xx_StdPeriph_Driver\src\stm32f0xx_crs.o
CRS_SynchronizationPolarityConfig                 Libraries\STM32F0xx_StdPeriph_Driver\src\stm32f0xx_crs.o
CRS_SynchronizationPrescalerConfig                Libraries\STM32F0xx_StdPeriph_Driver\src\stm32f0xx_crs.o
CRS_SynchronizationSourceConfig                   Libraries\STM32F0xx_StdPeriph_Driver\src\stm32f0xx_crs.o
ClearRxBUffer                                     Libraries\UART\uart.o
CleartxBuffer                                     Libraries\UART\uart.o
DAC_ClearFlag                                     Libraries\STM32F0xx_StdPeriph_Driver\src\stm32f0xx_dac.o
DAC_ClearITPendingBit                             Libraries\STM32F0xx_StdPeriph_Driver\src\stm32f0xx_dac.o
DAC_Cmd                                           Libraries\STM32F0xx_StdPeriph_Driver\src\stm32f0xx_dac.o
DAC_DMACmd                                        Libraries\STM32F0xx_StdPeriph_Driver\src\stm32f0xx_dac.o
DAC_DeInit                                        Libraries\STM32F0xx_StdPeriph_Driver\src\stm32f0xx_dac.o
DAC_DualSoftwareTriggerCmd                        Libraries\STM32F0xx_StdPeriph_Driver\src\stm32f0xx_dac.o
DAC_GetDataOutputValue                            Libraries\STM32F0xx_StdPeriph_Driver\src\stm32f0xx_dac.o
DAC_GetFlagStatus                                 Libraries\STM32F0xx_StdPeriph_Driver\src\stm32f0xx_dac.o
DAC_GetITStatus                                   Libraries\STM32F0xx_StdPeriph_Driver\src\stm32f0xx_dac.o
DAC_ITConfig                                      Libraries\STM32F0xx_StdPeriph_Driver\src\stm32f0xx_dac.o
DAC_Init                                          Libraries\STM32F0xx_StdPeriph_Driver\src\stm32f0xx_dac.o
DAC_SetChannel1Data                               Libraries\STM32F0xx_StdPeriph_Driver\src\stm32f0xx_dac.o
DAC_SetChannel2Data                               Libraries\STM32F0xx_StdPeriph_Driver\src\stm32f0xx_dac.o
DAC_SetDualChannelData                            Libraries\STM32F0xx_StdPeriph_Driver\src\stm32f0xx_dac.o
DAC_SoftwareTriggerCmd                            Libraries\STM32F0xx_StdPeriph_Driver\src\stm32f0xx_dac.o
DAC_StructInit                                    Libraries\STM32F0xx_StdPeriph_Driver\src\stm32f0xx_dac.o
DAC_WaveGenerationCmd                             Libraries\STM32F0xx_StdPeriph_Driver\src\stm32f0xx_dac.o
DBGMCU_APB1PeriphConfig                           Libraries\STM32F0xx_StdPeriph_Driver\src\stm32f0xx_dbgmcu.o
DBGMCU_APB2PeriphConfig                           Libraries\STM32F0xx_StdPeriph_Driver\src\stm32f0xx_dbgmcu.o
DBGMCU_Config                                     Libraries\STM32F0xx_StdPeriph_Driver\src\stm32f0xx_dbgmcu.o
DBGMCU_GetDEVID                                   Libraries\STM32F0xx_StdPeriph_Driver\src\stm32f0xx_dbgmcu.o
DBGMCU_GetREVID                                   Libraries\STM32F0xx_StdPeriph_Driver\src\stm32f0xx_dbgmcu.o
DMA1_Channel1_IRQHandler                          src\startup_stm32f0xx.o
DMA1_Channel2_3_IRQHandler                        src\startup_stm32f0xx.o
DMA1_Channel4_5_IRQHandler                        src\startup_stm32f0xx.o
DMA_ClearFlag                                     Libraries\STM32F0xx_StdPeriph_Driver\src\stm32f0xx_dma.o
DMA_ClearITPendingBit                             Libraries\STM32F0xx_StdPeriph_Driver\src\stm32f0xx_dma.o
DMA_Cmd                                           Libraries\STM32F0xx_StdPeriph_Driver\src\stm32f0xx_dma.o
DMA_DeInit                                        Libraries\STM32F0xx_StdPeriph_Driver\src\stm32f0xx_dma.o
DMA_GetCurrDataCounter                            Libraries\STM32F0xx_StdPeriph_Driver\src\stm32f0xx_dma.o
DMA_GetFlagStatus                                 Libraries\STM32F0xx_StdPeriph_Driver\src\stm32f0xx_dma.o
DMA_GetITStatus                                   Libraries\STM32F0xx_StdPeriph_Driver\src\stm32f0xx_dma.o
DMA_ITConfig                                      Libraries\STM32F0xx_StdPeriph_Driver\src\stm32f0xx_dma.o
DMA_Init                                          Libraries\STM32F0xx_StdPeriph_Driver\src\stm32f0xx_dma.o
DMA_SetCurrDataCounter                            Libraries\STM32F0xx_StdPeriph_Driver\src\stm32f0xx_dma.o
DMA_StructInit                                    Libraries\STM32F0xx_StdPeriph_Driver\src\stm32f0xx_dma.o
DebugMon_Handler                                  src\stm32f0xx_it.o
Default_Handler                                   src\startup_stm32f0xx.o
EXTI0_1_IRQHandler                                src\startup_stm32f0xx.o
EXTI2_3_IRQHandler                                src\startup_stm32f0xx.o
EXTI4_15_IRQHandler                               src\startup_stm32f0xx.o
EXTI_ClearFlag                                    Libraries\STM32F0xx_StdPeriph_Driver\src\stm32f0xx_exti.o
EXTI_ClearITPendingBit                            Libraries\STM32F0xx_StdPeriph_Driver\src\stm32f0xx_exti.o
EXTI_DeInit                                       Libraries\STM32F0xx_StdPeriph_Driver\src\stm32f0xx_exti.o
EXTI_GenerateSWInterrupt                          Libraries\STM32F0xx_StdPeriph_Driver\src\stm32f0xx_exti.o
EXTI_GetFlagStatus                                Libraries\STM32F0xx_StdPeriph_Driver\src\stm32f0xx_exti.o
EXTI_GetITStatus                                  Libraries\STM32F0xx_StdPeriph_Driver\src\stm32f0xx_exti.o
EXTI_Init                                         Libraries\STM32F0xx_StdPeriph_Driver\src\stm32f0xx_exti.o
                                                  Utilities\STM32F0-Discovery\stm32f0_discovery.o
EXTI_StructInit                                   Libraries\STM32F0xx_StdPeriph_Driver\src\stm32f0xx_exti.o
FLASH_ClearFlag                                   Libraries\STM32F0xx_StdPeriph_Driver\src\stm32f0xx_flash.o
FLASH_EraseAllPages                               Libraries\STM32F0xx_StdPeriph_Driver\src\stm32f0xx_flash.o
FLASH_ErasePage                                   Libraries\STM32F0xx_StdPeriph_Driver\src\stm32f0xx_flash.o
FLASH_GetFlagStatus                               Libraries\STM32F0xx_StdPeriph_Driver\src\stm32f0xx_flash.o
FLASH_GetPrefetchBufferStatus                     Libraries\STM32F0xx_StdPeriph_Driver\src\stm32f0xx_flash.o
FLASH_GetStatus                                   Libraries\STM32F0xx_StdPeriph_Driver\src\stm32f0xx_flash.o
FLASH_IRQHandler                                  src\startup_stm32f0xx.o
FLASH_ITConfig                                    Libraries\STM32F0xx_StdPeriph_Driver\src\stm32f0xx_flash.o
FLASH_Lock                                        Libraries\STM32F0xx_StdPeriph_Driver\src\stm32f0xx_flash.o
FLASH_OB_BOOT0Config                              Libraries\STM32F0xx_StdPeriph_Driver\src\stm32f0xx_flash.o
FLASH_OB_BOOT0SWConfig                            Libraries\STM32F0xx_StdPeriph_Driver\src\stm32f0xx_flash.o
FLASH_OB_BOOTConfig                               Libraries\STM32F0xx_StdPeriph_Driver\src\stm32f0xx_flash.o
FLASH_OB_EnableWRP                                Libraries\STM32F0xx_StdPeriph_Driver\src\stm32f0xx_flash.o
FLASH_OB_Erase                                    Libraries\STM32F0xx_StdPeriph_Driver\src\stm32f0xx_flash.o
FLASH_OB_GetRDP                                   Libraries\STM32F0xx_StdPeriph_Driver\src\stm32f0xx_flash.o
FLASH_OB_GetUser                                  Libraries\STM32F0xx_StdPeriph_Driver\src\stm32f0xx_flash.o
FLASH_OB_GetWRP                                   Libraries\STM32F0xx_StdPeriph_Driver\src\stm32f0xx_flash.o
FLASH_OB_Launch                                   Libraries\STM32F0xx_StdPeriph_Driver\src\stm32f0xx_flash.o
FLASH_OB_Lock                                     Libraries\STM32F0xx_StdPeriph_Driver\src\stm32f0xx_flash.o
FLASH_OB_ProgramData                              Libraries\STM32F0xx_StdPeriph_Driver\src\stm32f0xx_flash.o
FLASH_OB_RDPConfig                                Libraries\STM32F0xx_StdPeriph_Driver\src\stm32f0xx_flash.o
FLASH_OB_SRAMParityConfig                         Libraries\STM32F0xx_StdPeriph_Driver\src\stm32f0xx_flash.o
FLASH_OB_Unlock                                   Libraries\STM32F0xx_StdPeriph_Driver\src\stm32f0xx_flash.o
FLASH_OB_UserConfig                               Libraries\STM32F0xx_StdPeriph_Driver\src\stm32f0xx_flash.o
FLASH_OB_VDDAConfig                               Libraries\STM32F0xx_StdPeriph_Driver\src\stm32f0xx_flash.o
FLASH_OB_WriteUser                                Libraries\STM32F0xx_StdPeriph_Driver\src\stm32f0xx_flash.o
FLASH_PrefetchBufferCmd                           Libraries\STM32F0xx_StdPeriph_Driver\src\stm32f0xx_flash.o
FLASH_ProgramHalfWord                             Libraries\STM32F0xx_StdPeriph_Driver\src\stm32f0xx_flash.o
FLASH_ProgramWord                                 Libraries\STM32F0xx_StdPeriph_Driver\src\stm32f0xx_flash.o
FLASH_SetLatency                                  Libraries\STM32F0xx_StdPeriph_Driver\src\stm32f0xx_flash.o
FLASH_Unlock                                      Libraries\STM32F0xx_StdPeriph_Driver\src\stm32f0xx_flash.o
FLASH_WaitForLastOperation                        Libraries\STM32F0xx_StdPeriph_Driver\src\stm32f0xx_flash.o
GPIO_CLK                                          Utilities\STM32F0-Discovery\stm32f0_discovery.o
GPIO_DeInit                                       Libraries\STM32F0xx_StdPeriph_Driver\src\stm32f0xx_gpio.o
GPIO_Init                                         Libraries\STM32F0xx_StdPeriph_Driver\src\stm32f0xx_gpio.o
                                                  Libraries\LED\led.o
                                                  Libraries\UART\uart.o
                                                  Utilities\STM32F0-Discovery\stm32f0_discovery.o
GPIO_PIN                                          Utilities\STM32F0-Discovery\stm32f0_discovery.o
GPIO_PORT                                         Utilities\STM32F0-Discovery\stm32f0_discovery.o
GPIO_PinAFConfig                                  Libraries\STM32F0xx_StdPeriph_Driver\src\stm32f0xx_gpio.o
                                                  Libraries\UART\uart.o
GPIO_PinLockConfig                                Libraries\STM32F0xx_StdPeriph_Driver\src\stm32f0xx_gpio.o
GPIO_ReadInputData                                Libraries\STM32F0xx_StdPeriph_Driver\src\stm32f0xx_gpio.o
GPIO_ReadInputDataBit                             Libraries\STM32F0xx_StdPeriph_Driver\src\stm32f0xx_gpio.o
                                                  Utilities\STM32F0-Discovery\stm32f0_discovery.o
GPIO_ReadOutputData                               Libraries\STM32F0xx_StdPeriph_Driver\src\stm32f0xx_gpio.o
GPIO_ReadOutputDataBit                            Libraries\STM32F0xx_StdPeriph_Driver\src\stm32f0xx_gpio.o
GPIO_ResetBits                                    Libraries\STM32F0xx_StdPeriph_Driver\src\stm32f0xx_gpio.o
GPIO_SetBits                                      Libraries\STM32F0xx_StdPeriph_Driver\src\stm32f0xx_gpio.o
GPIO_StructInit                                   Libraries\STM32F0xx_StdPeriph_Driver\src\stm32f0xx_gpio.o
GPIO_Write                                        Libraries\STM32F0xx_StdPeriph_Driver\src\stm32f0xx_gpio.o
GPIO_WriteBit                                     Libraries\STM32F0xx_StdPeriph_Driver\src\stm32f0xx_gpio.o
HardFault_Handler                                 src\stm32f0xx_it.o
I2C1_IRQHandler                                   src\startup_stm32f0xx.o
I2C2_IRQHandler                                   src\startup_stm32f0xx.o
I2C_10BitAddressHeaderCmd                         Libraries\STM32F0xx_StdPeriph_Driver\src\stm32f0xx_i2c.o
I2C_10BitAddressingModeCmd                        Libraries\STM32F0xx_StdPeriph_Driver\src\stm32f0xx_i2c.o
I2C_AcknowledgeConfig                             Libraries\STM32F0xx_StdPeriph_Driver\src\stm32f0xx_i2c.o
I2C_AutoEndCmd                                    Libraries\STM32F0xx_StdPeriph_Driver\src\stm32f0xx_i2c.o
I2C_CalculatePEC                                  Libraries\STM32F0xx_StdPeriph_Driver\src\stm32f0xx_i2c.o
I2C_ClearFlag                                     Libraries\STM32F0xx_StdPeriph_Driver\src\stm32f0xx_i2c.o
I2C_ClearITPendingBit                             Libraries\STM32F0xx_StdPeriph_Driver\src\stm32f0xx_i2c.o
I2C_ClockTimeoutCmd                               Libraries\STM32F0xx_StdPeriph_Driver\src\stm32f0xx_i2c.o
I2C_Cmd                                           Libraries\STM32F0xx_StdPeriph_Driver\src\stm32f0xx_i2c.o
I2C_DMACmd                                        Libraries\STM32F0xx_StdPeriph_Driver\src\stm32f0xx_i2c.o
I2C_DeInit                                        Libraries\STM32F0xx_StdPeriph_Driver\src\stm32f0xx_i2c.o
I2C_DualAddressCmd                                Libraries\STM32F0xx_StdPeriph_Driver\src\stm32f0xx_i2c.o
I2C_ExtendedClockTimeoutCmd                       Libraries\STM32F0xx_StdPeriph_Driver\src\stm32f0xx_i2c.o
I2C_GeneralCallCmd                                Libraries\STM32F0xx_StdPeriph_Driver\src\stm32f0xx_i2c.o
I2C_GenerateSTART                                 Libraries\STM32F0xx_StdPeriph_Driver\src\stm32f0xx_i2c.o
I2C_GenerateSTOP                                  Libraries\STM32F0xx_StdPeriph_Driver\src\stm32f0xx_i2c.o
I2C_GetAddressMatched                             Libraries\STM32F0xx_StdPeriph_Driver\src\stm32f0xx_i2c.o
I2C_GetFlagStatus                                 Libraries\STM32F0xx_StdPeriph_Driver\src\stm32f0xx_i2c.o
I2C_GetITStatus                                   Libraries\STM32F0xx_StdPeriph_Driver\src\stm32f0xx_i2c.o
I2C_GetPEC                                        Libraries\STM32F0xx_StdPeriph_Driver\src\stm32f0xx_i2c.o
I2C_GetTransferDirection                          Libraries\STM32F0xx_StdPeriph_Driver\src\stm32f0xx_i2c.o
I2C_ITConfig                                      Libraries\STM32F0xx_StdPeriph_Driver\src\stm32f0xx_i2c.o
I2C_IdleClockTimeoutCmd                           Libraries\STM32F0xx_StdPeriph_Driver\src\stm32f0xx_i2c.o
I2C_Init                                          Libraries\STM32F0xx_StdPeriph_Driver\src\stm32f0xx_i2c.o
I2C_MasterRequestConfig                           Libraries\STM32F0xx_StdPeriph_Driver\src\stm32f0xx_i2c.o
I2C_NumberOfBytesConfig                           Libraries\STM32F0xx_StdPeriph_Driver\src\stm32f0xx_i2c.o
I2C_OwnAddress2Config                             Libraries\STM32F0xx_StdPeriph_Driver\src\stm32f0xx_i2c.o
I2C_PECRequestCmd                                 Libraries\STM32F0xx_StdPeriph_Driver\src\stm32f0xx_i2c.o
I2C_ReadRegister                                  Libraries\STM32F0xx_StdPeriph_Driver\src\stm32f0xx_i2c.o
I2C_ReceiveData                                   Libraries\STM32F0xx_StdPeriph_Driver\src\stm32f0xx_i2c.o
I2C_ReloadCmd                                     Libraries\STM32F0xx_StdPeriph_Driver\src\stm32f0xx_i2c.o
I2C_SMBusAlertCmd                                 Libraries\STM32F0xx_StdPeriph_Driver\src\stm32f0xx_i2c.o
I2C_SendData                                      Libraries\STM32F0xx_StdPeriph_Driver\src\stm32f0xx_i2c.o
I2C_SlaveAddressConfig                            Libraries\STM32F0xx_StdPeriph_Driver\src\stm32f0xx_i2c.o
I2C_SlaveByteControlCmd                           Libraries\STM32F0xx_StdPeriph_Driver\src\stm32f0xx_i2c.o
I2C_SoftwareResetCmd                              Libraries\STM32F0xx_StdPeriph_Driver\src\stm32f0xx_i2c.o
I2C_StopModeCmd                                   Libraries\STM32F0xx_StdPeriph_Driver\src\stm32f0xx_i2c.o
I2C_StretchClockCmd                               Libraries\STM32F0xx_StdPeriph_Driver\src\stm32f0xx_i2c.o
I2C_StructInit                                    Libraries\STM32F0xx_StdPeriph_Driver\src\stm32f0xx_i2c.o
I2C_TimeoutAConfig                                Libraries\STM32F0xx_StdPeriph_Driver\src\stm32f0xx_i2c.o
I2C_TimeoutBConfig                                Libraries\STM32F0xx_StdPeriph_Driver\src\stm32f0xx_i2c.o
I2C_TransferHandling                              Libraries\STM32F0xx_StdPeriph_Driver\src\stm32f0xx_i2c.o
I2S_Cmd                                           Libraries\STM32F0xx_StdPeriph_Driver\src\stm32f0xx_spi.o
I2S_Init                                          Libraries\STM32F0xx_StdPeriph_Driver\src\stm32f0xx_spi.o
I2S_StructInit                                    Libraries\STM32F0xx_StdPeriph_Driver\src\stm32f0xx_spi.o
IWDG_Enable                                       Libraries\STM32F0xx_StdPeriph_Driver\src\stm32f0xx_iwdg.o
IWDG_GetFlagStatus                                Libraries\STM32F0xx_StdPeriph_Driver\src\stm32f0xx_iwdg.o
IWDG_ReloadCounter                                Libraries\STM32F0xx_StdPeriph_Driver\src\stm32f0xx_iwdg.o
IWDG_SetPrescaler                                 Libraries\STM32F0xx_StdPeriph_Driver\src\stm32f0xx_iwdg.o
IWDG_SetReload                                    Libraries\STM32F0xx_StdPeriph_Driver\src\stm32f0xx_iwdg.o
IWDG_SetWindowValue                               Libraries\STM32F0xx_StdPeriph_Driver\src\stm32f0xx_iwdg.o
IWDG_WriteAccessCmd                               Libraries\STM32F0xx_StdPeriph_Driver\src\stm32f0xx_iwdg.o
MemManage_Handler                                 src\stm32f0xx_it.o
NMI_Handler                                       src\stm32f0xx_it.o
NVIC_Init                                         Libraries\STM32F0xx_StdPeriph_Driver\src\stm32f0xx_misc.o
                                                  Libraries\UART\uart.o
                                                  Utilities\STM32F0-Discovery\stm32f0_discovery.o
NVIC_SystemLPConfig                               Libraries\STM32F0xx_StdPeriph_Driver\src\stm32f0xx_misc.o
PVD_IRQHandler                                    src\startup_stm32f0xx.o
PWR_BackupAccessCmd                               Libraries\STM32F0xx_StdPeriph_Driver\src\stm32f0xx_pwr.o
PWR_ClearFlag                                     Libraries\STM32F0xx_StdPeriph_Driver\src\stm32f0xx_pwr.o
PWR_DeInit                                        Libraries\STM32F0xx_StdPeriph_Driver\src\stm32f0xx_pwr.o
PWR_EnterSTANDBYMode                              Libraries\STM32F0xx_StdPeriph_Driver\src\stm32f0xx_pwr.o
PWR_EnterSTOPMode                                 Libraries\STM32F0xx_StdPeriph_Driver\src\stm32f0xx_pwr.o
PWR_EnterSleepMode                                Libraries\STM32F0xx_StdPeriph_Driver\src\stm32f0xx_pwr.o
PWR_GetFlagStatus                                 Libraries\STM32F0xx_StdPeriph_Driver\src\stm32f0xx_pwr.o
PWR_PVDCmd                                        Libraries\STM32F0xx_StdPeriph_Driver\src\stm32f0xx_pwr.o
PWR_PVDLevelConfig                                Libraries\STM32F0xx_StdPeriph_Driver\src\stm32f0xx_pwr.o
PWR_WakeUpPinCmd                                  Libraries\STM32F0xx_StdPeriph_Driver\src\stm32f0xx_pwr.o
PendSV_Handler                                    src\stm32f0xx_it.o
RCC_ADCCLKConfig                                  Libraries\STM32F0xx_StdPeriph_Driver\src\stm32f0xx_rcc.o
RCC_AHBPeriphClockCmd                             Libraries\STM32F0xx_StdPeriph_Driver\src\stm32f0xx_rcc.o
                                                  Libraries\LED\led.o
                                                  Libraries\UART\uart.o
                                                  Utilities\STM32F0-Discovery\stm32f0_discovery.o
RCC_AHBPeriphResetCmd                             Libraries\STM32F0xx_StdPeriph_Driver\src\stm32f0xx_rcc.o
                                                  Libraries\STM32F0xx_StdPeriph_Driver\src\stm32f0xx_gpio.o
RCC_APB1PeriphClockCmd                            Libraries\STM32F0xx_StdPeriph_Driver\src\stm32f0xx_rcc.o
RCC_APB1PeriphResetCmd                            Libraries\STM32F0xx_StdPeriph_Driver\src\stm32f0xx_rcc.o
                                                  Libraries\STM32F0xx_StdPeriph_Driver\src\stm32f0xx_can.o
                                                  Libraries\STM32F0xx_StdPeriph_Driver\src\stm32f0xx_cec.o
                                                  Libraries\STM32F0xx_StdPeriph_Driver\src\stm32f0xx_crs.o
                                                  Libraries\STM32F0xx_StdPeriph_Driver\src\stm32f0xx_dac.o
                                                  Libraries\STM32F0xx_StdPeriph_Driver\src\stm32f0xx_i2c.o
                                                  Libraries\STM32F0xx_StdPeriph_Driver\src\stm32f0xx_pwr.o
                                                  Libraries\STM32F0xx_StdPeriph_Driver\src\stm32f0xx_spi.o
                                                  Libraries\STM32F0xx_StdPeriph_Driver\src\stm32f0xx_tim.o
                                                  Libraries\STM32F0xx_StdPeriph_Driver\src\stm32f0xx_usart.o
                                                  Libraries\STM32F0xx_StdPeriph_Driver\src\stm32f0xx_wwdg.o
RCC_APB2PeriphClockCmd                            Libraries\STM32F0xx_StdPeriph_Driver\src\stm32f0xx_rcc.o
                                                  Libraries\UART\uart.o
                                                  Utilities\STM32F0-Discovery\stm32f0_discovery.o
RCC_APB2PeriphResetCmd                            Libraries\STM32F0xx_StdPeriph_Driver\src\stm32f0xx_rcc.o
                                                  Libraries\STM32F0xx_StdPeriph_Driver\src\stm32f0xx_adc.o
                                                  Libraries\STM32F0xx_StdPeriph_Driver\src\stm32f0xx_spi.o
                                                  Libraries\STM32F0xx_StdPeriph_Driver\src\stm32f0xx_tim.o
                                                  Libraries\STM32F0xx_StdPeriph_Driver\src\stm32f0xx_usart.o
RCC_AdjustHSI14CalibrationValue                   Libraries\STM32F0xx_StdPeriph_Driver\src\stm32f0xx_rcc.o
RCC_AdjustHSICalibrationValue                     Libraries\STM32F0xx_StdPeriph_Driver\src\stm32f0xx_rcc.o
RCC_BackupResetCmd                                Libraries\STM32F0xx_StdPeriph_Driver\src\stm32f0xx_rcc.o
RCC_CECCLKConfig                                  Libraries\STM32F0xx_StdPeriph_Driver\src\stm32f0xx_rcc.o
RCC_ClearFlag                                     Libraries\STM32F0xx_StdPeriph_Driver\src\stm32f0xx_rcc.o
RCC_ClearITPendingBit                             Libraries\STM32F0xx_StdPeriph_Driver\src\stm32f0xx_rcc.o
RCC_ClockSecuritySystemCmd                        Libraries\STM32F0xx_StdPeriph_Driver\src\stm32f0xx_rcc.o
RCC_DeInit                                        Libraries\STM32F0xx_StdPeriph_Driver\src\stm32f0xx_rcc.o
RCC_GetClocksFreq                                 Libraries\STM32F0xx_StdPeriph_Driver\src\stm32f0xx_rcc.o
                                                  Libraries\STM32F0xx_StdPeriph_Driver\src\stm32f0xx_spi.o
                                                  Libraries\STM32F0xx_StdPeriph_Driver\src\stm32f0xx_usart.o
RCC_GetFlagStatus                                 Libraries\STM32F0xx_StdPeriph_Driver\src\stm32f0xx_rcc.o
RCC_GetITStatus                                   Libraries\STM32F0xx_StdPeriph_Driver\src\stm32f0xx_rcc.o
RCC_GetSYSCLKSource                               Libraries\STM32F0xx_StdPeriph_Driver\src\stm32f0xx_rcc.o
RCC_HCLKConfig                                    Libraries\STM32F0xx_StdPeriph_Driver\src\stm32f0xx_rcc.o
RCC_HSEConfig                                     Libraries\STM32F0xx_StdPeriph_Driver\src\stm32f0xx_rcc.o
RCC_HSI14ADCRequestCmd                            Libraries\STM32F0xx_StdPeriph_Driver\src\stm32f0xx_rcc.o
RCC_HSI14Cmd                                      Libraries\STM32F0xx_StdPeriph_Driver\src\stm32f0xx_rcc.o
RCC_HSI48Cmd                                      Libraries\STM32F0xx_StdPeriph_Driver\src\stm32f0xx_rcc.o
RCC_HSICmd                                        Libraries\STM32F0xx_StdPeriph_Driver\src\stm32f0xx_rcc.o
RCC_I2CCLKConfig                                  Libraries\STM32F0xx_StdPeriph_Driver\src\stm32f0xx_rcc.o
RCC_IRQHandler                                    src\startup_stm32f0xx.o
RCC_ITConfig                                      Libraries\STM32F0xx_StdPeriph_Driver\src\stm32f0xx_rcc.o
RCC_LSEConfig                                     Libraries\STM32F0xx_StdPeriph_Driver\src\stm32f0xx_rcc.o
RCC_LSEDriveConfig                                Libraries\STM32F0xx_StdPeriph_Driver\src\stm32f0xx_rcc.o
RCC_LSICmd                                        Libraries\STM32F0xx_StdPeriph_Driver\src\stm32f0xx_rcc.o
RCC_MCOConfig                                     Libraries\STM32F0xx_StdPeriph_Driver\src\stm32f0xx_rcc.o
RCC_PCLKConfig                                    Libraries\STM32F0xx_StdPeriph_Driver\src\stm32f0xx_rcc.o
RCC_PLLCmd                                        Libraries\STM32F0xx_StdPeriph_Driver\src\stm32f0xx_rcc.o
RCC_PLLConfig                                     Libraries\STM32F0xx_StdPeriph_Driver\src\stm32f0xx_rcc.o
RCC_PREDIV1Config                                 Libraries\STM32F0xx_StdPeriph_Driver\src\stm32f0xx_rcc.o
RCC_RTCCLKCmd                                     Libraries\STM32F0xx_StdPeriph_Driver\src\stm32f0xx_rcc.o
RCC_RTCCLKConfig                                  Libraries\STM32F0xx_StdPeriph_Driver\src\stm32f0xx_rcc.o
RCC_SYSCLKConfig                                  Libraries\STM32F0xx_StdPeriph_Driver\src\stm32f0xx_rcc.o
RCC_USARTCLKConfig                                Libraries\STM32F0xx_StdPeriph_Driver\src\stm32f0xx_rcc.o
RCC_USBCLKConfig                                  Libraries\STM32F0xx_StdPeriph_Driver\src\stm32f0xx_rcc.o
RCC_WaitForHSEStartUp                             Libraries\STM32F0xx_StdPeriph_Driver\src\stm32f0xx_rcc.o
RTC_AlarmCmd                                      Libraries\STM32F0xx_StdPeriph_Driver\src\stm32f0xx_rtc.o
RTC_AlarmStructInit                               Libraries\STM32F0xx_StdPeriph_Driver\src\stm32f0xx_rtc.o
RTC_AlarmSubSecondConfig                          Libraries\STM32F0xx_StdPeriph_Driver\src\stm32f0xx_rtc.o
RTC_BypassShadowCmd                               Libraries\STM32F0xx_StdPeriph_Driver\src\stm32f0xx_rtc.o
RTC_CalibOutputCmd                                Libraries\STM32F0xx_StdPeriph_Driver\src\stm32f0xx_rtc.o
RTC_CalibOutputConfig                             Libraries\STM32F0xx_StdPeriph_Driver\src\stm32f0xx_rtc.o
RTC_ClearFlag                                     Libraries\STM32F0xx_StdPeriph_Driver\src\stm32f0xx_rtc.o
RTC_ClearITPendingBit                             Libraries\STM32F0xx_StdPeriph_Driver\src\stm32f0xx_rtc.o
RTC_DateStructInit                                Libraries\STM32F0xx_StdPeriph_Driver\src\stm32f0xx_rtc.o
RTC_DayLightSavingConfig                          Libraries\STM32F0xx_StdPeriph_Driver\src\stm32f0xx_rtc.o
RTC_DeInit                                        Libraries\STM32F0xx_StdPeriph_Driver\src\stm32f0xx_rtc.o
RTC_EnterInitMode                                 Libraries\STM32F0xx_StdPeriph_Driver\src\stm32f0xx_rtc.o
RTC_ExitInitMode                                  Libraries\STM32F0xx_StdPeriph_Driver\src\stm32f0xx_rtc.o
RTC_GetAlarm                                      Libraries\STM32F0xx_StdPeriph_Driver\src\stm32f0xx_rtc.o
RTC_GetAlarmSubSecond                             Libraries\STM32F0xx_StdPeriph_Driver\src\stm32f0xx_rtc.o
RTC_GetDate                                       Libraries\STM32F0xx_StdPeriph_Driver\src\stm32f0xx_rtc.o
RTC_GetFlagStatus                                 Libraries\STM32F0xx_StdPeriph_Driver\src\stm32f0xx_rtc.o
RTC_GetITStatus                                   Libraries\STM32F0xx_StdPeriph_Driver\src\stm32f0xx_rtc.o
RTC_GetStoreOperation                             Libraries\STM32F0xx_StdPeriph_Driver\src\stm32f0xx_rtc.o
RTC_GetSubSecond                                  Libraries\STM32F0xx_StdPeriph_Driver\src\stm32f0xx_rtc.o
RTC_GetTime                                       Libraries\STM32F0xx_StdPeriph_Driver\src\stm32f0xx_rtc.o
RTC_GetTimeStamp                                  Libraries\STM32F0xx_StdPeriph_Driver\src\stm32f0xx_rtc.o
RTC_GetTimeStampSubSecond                         Libraries\STM32F0xx_StdPeriph_Driver\src\stm32f0xx_rtc.o
RTC_GetWakeUpCounter                              Libraries\STM32F0xx_StdPeriph_Driver\src\stm32f0xx_rtc.o
RTC_IRQHandler                                    src\startup_stm32f0xx.o
RTC_ITConfig                                      Libraries\STM32F0xx_StdPeriph_Driver\src\stm32f0xx_rtc.o
RTC_Init                                          Libraries\STM32F0xx_StdPeriph_Driver\src\stm32f0xx_rtc.o
RTC_OutputConfig                                  Libraries\STM32F0xx_StdPeriph_Driver\src\stm32f0xx_rtc.o
RTC_OutputTypeConfig                              Libraries\STM32F0xx_StdPeriph_Driver\src\stm32f0xx_rtc.o
RTC_ReadBackupRegister                            Libraries\STM32F0xx_StdPeriph_Driver\src\stm32f0xx_rtc.o
RTC_RefClockCmd                                   Libraries\STM32F0xx_StdPeriph_Driver\src\stm32f0xx_rtc.o
RTC_SetAlarm                                      Libraries\STM32F0xx_StdPeriph_Driver\src\stm32f0xx_rtc.o
RTC_SetDate                                       Libraries\STM32F0xx_StdPeriph_Driver\src\stm32f0xx_rtc.o
RTC_SetTime                                       Libraries\STM32F0xx_StdPeriph_Driver\src\stm32f0xx_rtc.o
RTC_SetWakeUpCounter                              Libraries\STM32F0xx_StdPeriph_Driver\src\stm32f0xx_rtc.o
RTC_SmoothCalibConfig                             Libraries\STM32F0xx_StdPeriph_Driver\src\stm32f0xx_rtc.o
RTC_StructInit                                    Libraries\STM32F0xx_StdPeriph_Driver\src\stm32f0xx_rtc.o
RTC_SynchroShiftConfig                            Libraries\STM32F0xx_StdPeriph_Driver\src\stm32f0xx_rtc.o
RTC_TamperCmd                                     Libraries\STM32F0xx_StdPeriph_Driver\src\stm32f0xx_rtc.o
RTC_TamperFilterConfig                            Libraries\STM32F0xx_StdPeriph_Driver\src\stm32f0xx_rtc.o
RTC_TamperPinsPrechargeDuration                   Libraries\STM32F0xx_StdPeriph_Driver\src\stm32f0xx_rtc.o
RTC_TamperPullUpCmd                               Libraries\STM32F0xx_StdPeriph_Driver\src\stm32f0xx_rtc.o
RTC_TamperSamplingFreqConfig                      Libraries\STM32F0xx_StdPeriph_Driver\src\stm32f0xx_rtc.o
RTC_TamperTriggerConfig                           Libraries\STM32F0xx_StdPeriph_Driver\src\stm32f0xx_rtc.o
RTC_TimeStampCmd                                  Libraries\STM32F0xx_StdPeriph_Driver\src\stm32f0xx_rtc.o
RTC_TimeStampOnTamperDetectionCmd                 Libraries\STM32F0xx_StdPeriph_Driver\src\stm32f0xx_rtc.o
RTC_TimeStructInit                                Libraries\STM32F0xx_StdPeriph_Driver\src\stm32f0xx_rtc.o
RTC_WaitForSynchro                                Libraries\STM32F0xx_StdPeriph_Driver\src\stm32f0xx_rtc.o
RTC_WakeUpClockConfig                             Libraries\STM32F0xx_StdPeriph_Driver\src\stm32f0xx_rtc.o
RTC_WakeUpCmd                                     Libraries\STM32F0xx_StdPeriph_Driver\src\stm32f0xx_rtc.o
RTC_WriteBackupRegister                           Libraries\STM32F0xx_StdPeriph_Driver\src\stm32f0xx_rtc.o
RTC_WriteProtectionCmd                            Libraries\STM32F0xx_StdPeriph_Driver\src\stm32f0xx_rtc.o
Reset_Handler                                     src\startup_stm32f0xx.o
SPI1_IRQHandler                                   src\startup_stm32f0xx.o
SPI2_IRQHandler                                   src\startup_stm32f0xx.o
SPI_BiDirectionalLineConfig                       Libraries\STM32F0xx_StdPeriph_Driver\src\stm32f0xx_spi.o
SPI_CRCLengthConfig                               Libraries\STM32F0xx_StdPeriph_Driver\src\stm32f0xx_spi.o
SPI_CalculateCRC                                  Libraries\STM32F0xx_StdPeriph_Driver\src\stm32f0xx_spi.o
SPI_Cmd                                           Libraries\STM32F0xx_StdPeriph_Driver\src\stm32f0xx_spi.o
SPI_DataSizeConfig                                Libraries\STM32F0xx_StdPeriph_Driver\src\stm32f0xx_spi.o
SPI_GetCRC                                        Libraries\STM32F0xx_StdPeriph_Driver\src\stm32f0xx_spi.o
SPI_GetCRCPolynomial                              Libraries\STM32F0xx_StdPeriph_Driver\src\stm32f0xx_spi.o
SPI_GetReceptionFIFOStatus                        Libraries\STM32F0xx_StdPeriph_Driver\src\stm32f0xx_spi.o
SPI_GetTransmissionFIFOStatus                     Libraries\STM32F0xx_StdPeriph_Driver\src\stm32f0xx_spi.o
SPI_I2S_ClearFlag                                 Libraries\STM32F0xx_StdPeriph_Driver\src\stm32f0xx_spi.o
SPI_I2S_DMACmd                                    Libraries\STM32F0xx_StdPeriph_Driver\src\stm32f0xx_spi.o
SPI_I2S_DeInit                                    Libraries\STM32F0xx_StdPeriph_Driver\src\stm32f0xx_spi.o
SPI_I2S_GetFlagStatus                             Libraries\STM32F0xx_StdPeriph_Driver\src\stm32f0xx_spi.o
SPI_I2S_GetITStatus                               Libraries\STM32F0xx_StdPeriph_Driver\src\stm32f0xx_spi.o
SPI_I2S_ITConfig                                  Libraries\STM32F0xx_StdPeriph_Driver\src\stm32f0xx_spi.o
SPI_I2S_ReceiveData16                             Libraries\STM32F0xx_StdPeriph_Driver\src\stm32f0xx_spi.o
SPI_I2S_SendData16                                Libraries\STM32F0xx_StdPeriph_Driver\src\stm32f0xx_spi.o
SPI_Init                                          Libraries\STM32F0xx_StdPeriph_Driver\src\stm32f0xx_spi.o
SPI_LastDMATransferCmd                            Libraries\STM32F0xx_StdPeriph_Driver\src\stm32f0xx_spi.o
SPI_NSSInternalSoftwareConfig                     Libraries\STM32F0xx_StdPeriph_Driver\src\stm32f0xx_spi.o
SPI_NSSPulseModeCmd                               Libraries\STM32F0xx_StdPeriph_Driver\src\stm32f0xx_spi.o
SPI_ReceiveData8                                  Libraries\STM32F0xx_StdPeriph_Driver\src\stm32f0xx_spi.o
SPI_RxFIFOThresholdConfig                         Libraries\STM32F0xx_StdPeriph_Driver\src\stm32f0xx_spi.o
SPI_SSOutputCmd                                   Libraries\STM32F0xx_StdPeriph_Driver\src\stm32f0xx_spi.o
SPI_SendData8                                     Libraries\STM32F0xx_StdPeriph_Driver\src\stm32f0xx_spi.o
SPI_StructInit                                    Libraries\STM32F0xx_StdPeriph_Driver\src\stm32f0xx_spi.o
SPI_TIModeCmd                                     Libraries\STM32F0xx_StdPeriph_Driver\src\stm32f0xx_spi.o
SPI_TransmitCRC                                   Libraries\STM32F0xx_StdPeriph_Driver\src\stm32f0xx_spi.o
STM_EVAL_LEDInit                                  Utilities\STM32F0-Discovery\stm32f0_discovery.o
STM_EVAL_LEDOff                                   Utilities\STM32F0-Discovery\stm32f0_discovery.o
STM_EVAL_LEDOn                                    Utilities\STM32F0-Discovery\stm32f0_discovery.o
STM_EVAL_LEDToggle                                Utilities\STM32F0-Discovery\stm32f0_discovery.o
STM_EVAL_PBGetState                               Utilities\STM32F0-Discovery\stm32f0_discovery.o
STM_EVAL_PBInit                                   Utilities\STM32F0-Discovery\stm32f0_discovery.o
SVC_Handler                                       src\stm32f0xx_it.o
SYSCFG_BreakConfig                                Libraries\STM32F0xx_StdPeriph_Driver\src\stm32f0xx_syscfg.o
SYSCFG_ClearFlag                                  Libraries\STM32F0xx_StdPeriph_Driver\src\stm32f0xx_syscfg.o
SYSCFG_DMAChannelRemapConfig                      Libraries\STM32F0xx_StdPeriph_Driver\src\stm32f0xx_syscfg.o
SYSCFG_DeInit                                     Libraries\STM32F0xx_StdPeriph_Driver\src\stm32f0xx_syscfg.o
SYSCFG_EXTILineConfig                             Libraries\STM32F0xx_StdPeriph_Driver\src\stm32f0xx_syscfg.o
                                                  Utilities\STM32F0-Discovery\stm32f0_discovery.o
SYSCFG_GetFlagStatus                              Libraries\STM32F0xx_StdPeriph_Driver\src\stm32f0xx_syscfg.o
SYSCFG_I2CFastModePlusConfig                      Libraries\STM32F0xx_StdPeriph_Driver\src\stm32f0xx_syscfg.o
SYSCFG_MemoryRemapConfig                          Libraries\STM32F0xx_StdPeriph_Driver\src\stm32f0xx_syscfg.o
SysTickConfig                                     src\main.o
SysTick_CLKSourceConfig                           Libraries\STM32F0xx_StdPeriph_Driver\src\stm32f0xx_misc.o
SysTick_Handler                                   src\main.o
                                                  src\startup_stm32f0xx.o
SysTick_delay                                     src\main.o
SystemCoreClock                                   src\system_stm32f0xx.o
                                                  src\main.o
SystemCoreClockUpdate                             src\system_stm32f0xx.o
                                                  src\main.o
SystemInit                                        src\system_stm32f0xx.o
                                                  src\startup_stm32f0xx.o
TIM14_IRQHandler                                  src\startup_stm32f0xx.o
TIM15_IRQHandler                                  src\startup_stm32f0xx.o
TIM16_IRQHandler                                  src\startup_stm32f0xx.o
TIM17_IRQHandler                                  src\startup_stm32f0xx.o
TIM1_BRK_UP_TRG_COM_IRQHandler                    src\startup_stm32f0xx.o
TIM1_CC_IRQHandler                                src\startup_stm32f0xx.o
TIM2_IRQHandler                                   src\startup_stm32f0xx.o
TIM3_IRQHandler                                   src\startup_stm32f0xx.o
TIM6_DAC_IRQHandler                               src\startup_stm32f0xx.o
TIM_ARRPreloadConfig                              Libraries\STM32F0xx_StdPeriph_Driver\src\stm32f0xx_tim.o
TIM_BDTRConfig                                    Libraries\STM32F0xx_StdPeriph_Driver\src\stm32f0xx_tim.o
TIM_BDTRStructInit                                Libraries\STM32F0xx_StdPeriph_Driver\src\stm32f0xx_tim.o
TIM_CCPreloadControl                              Libraries\STM32F0xx_StdPeriph_Driver\src\stm32f0xx_tim.o
TIM_CCxCmd                                        Libraries\STM32F0xx_StdPeriph_Driver\src\stm32f0xx_tim.o
TIM_CCxNCmd                                       Libraries\STM32F0xx_StdPeriph_Driver\src\stm32f0xx_tim.o
TIM_ClearFlag                                     Libraries\STM32F0xx_StdPeriph_Driver\src\stm32f0xx_tim.o
TIM_ClearITPendingBit                             Libraries\STM32F0xx_StdPeriph_Driver\src\stm32f0xx_tim.o
TIM_ClearOC1Ref                                   Libraries\STM32F0xx_StdPeriph_Driver\src\stm32f0xx_tim.o
TIM_ClearOC2Ref                                   Libraries\STM32F0xx_StdPeriph_Driver\src\stm32f0xx_tim.o
TIM_ClearOC3Ref                                   Libraries\STM32F0xx_StdPeriph_Driver\src\stm32f0xx_tim.o
TIM_ClearOC4Ref                                   Libraries\STM32F0xx_StdPeriph_Driver\src\stm32f0xx_tim.o
TIM_Cmd                                           Libraries\STM32F0xx_StdPeriph_Driver\src\stm32f0xx_tim.o
TIM_CounterModeConfig                             Libraries\STM32F0xx_StdPeriph_Driver\src\stm32f0xx_tim.o
TIM_CtrlPWMOutputs                                Libraries\STM32F0xx_StdPeriph_Driver\src\stm32f0xx_tim.o
TIM_DMACmd                                        Libraries\STM32F0xx_StdPeriph_Driver\src\stm32f0xx_tim.o
TIM_DMAConfig                                     Libraries\STM32F0xx_StdPeriph_Driver\src\stm32f0xx_tim.o
TIM_DeInit                                        Libraries\STM32F0xx_StdPeriph_Driver\src\stm32f0xx_tim.o
TIM_ETRClockMode1Config                           Libraries\STM32F0xx_StdPeriph_Driver\src\stm32f0xx_tim.o
TIM_ETRClockMode2Config                           Libraries\STM32F0xx_StdPeriph_Driver\src\stm32f0xx_tim.o
TIM_ETRConfig                                     Libraries\STM32F0xx_StdPeriph_Driver\src\stm32f0xx_tim.o
TIM_EncoderInterfaceConfig                        Libraries\STM32F0xx_StdPeriph_Driver\src\stm32f0xx_tim.o
TIM_ForcedOC1Config                               Libraries\STM32F0xx_StdPeriph_Driver\src\stm32f0xx_tim.o
TIM_ForcedOC2Config                               Libraries\STM32F0xx_StdPeriph_Driver\src\stm32f0xx_tim.o
TIM_ForcedOC3Config                               Libraries\STM32F0xx_StdPeriph_Driver\src\stm32f0xx_tim.o
TIM_ForcedOC4Config                               Libraries\STM32F0xx_StdPeriph_Driver\src\stm32f0xx_tim.o
TIM_GenerateEvent                                 Libraries\STM32F0xx_StdPeriph_Driver\src\stm32f0xx_tim.o
TIM_GetCapture1                                   Libraries\STM32F0xx_StdPeriph_Driver\src\stm32f0xx_tim.o
TIM_GetCapture2                                   Libraries\STM32F0xx_StdPeriph_Driver\src\stm32f0xx_tim.o
TIM_GetCapture3                                   Libraries\STM32F0xx_StdPeriph_Driver\src\stm32f0xx_tim.o
TIM_GetCapture4                                   Libraries\STM32F0xx_StdPeriph_Driver\src\stm32f0xx_tim.o
TIM_GetCounter                                    Libraries\STM32F0xx_StdPeriph_Driver\src\stm32f0xx_tim.o
TIM_GetFlagStatus                                 Libraries\STM32F0xx_StdPeriph_Driver\src\stm32f0xx_tim.o
TIM_GetITStatus                                   Libraries\STM32F0xx_StdPeriph_Driver\src\stm32f0xx_tim.o
TIM_GetPrescaler                                  Libraries\STM32F0xx_StdPeriph_Driver\src\stm32f0xx_tim.o
TIM_ICInit                                        Libraries\STM32F0xx_StdPeriph_Driver\src\stm32f0xx_tim.o
TIM_ICStructInit                                  Libraries\STM32F0xx_StdPeriph_Driver\src\stm32f0xx_tim.o
TIM_ITConfig                                      Libraries\STM32F0xx_StdPeriph_Driver\src\stm32f0xx_tim.o
TIM_ITRxExternalClockConfig                       Libraries\STM32F0xx_StdPeriph_Driver\src\stm32f0xx_tim.o
TIM_InternalClockConfig                           Libraries\STM32F0xx_StdPeriph_Driver\src\stm32f0xx_tim.o
TIM_OC1FastConfig                                 Libraries\STM32F0xx_StdPeriph_Driver\src\stm32f0xx_tim.o
TIM_OC1Init                                       Libraries\STM32F0xx_StdPeriph_Driver\src\stm32f0xx_tim.o
TIM_OC1NPolarityConfig                            Libraries\STM32F0xx_StdPeriph_Driver\src\stm32f0xx_tim.o
TIM_OC1PolarityConfig                             Libraries\STM32F0xx_StdPeriph_Driver\src\stm32f0xx_tim.o
TIM_OC1PreloadConfig                              Libraries\STM32F0xx_StdPeriph_Driver\src\stm32f0xx_tim.o
TIM_OC2FastConfig                                 Libraries\STM32F0xx_StdPeriph_Driver\src\stm32f0xx_tim.o
TIM_OC2Init                                       Libraries\STM32F0xx_StdPeriph_Driver\src\stm32f0xx_tim.o
TIM_OC2NPolarityConfig                            Libraries\STM32F0xx_StdPeriph_Driver\src\stm32f0xx_tim.o
TIM_OC2PolarityConfig                             Libraries\STM32F0xx_StdPeriph_Driver\src\stm32f0xx_tim.o
TIM_OC2PreloadConfig                              Libraries\STM32F0xx_StdPeriph_Driver\src\stm32f0xx_tim.o
TIM_OC3FastConfig                                 Libraries\STM32F0xx_StdPeriph_Driver\src\stm32f0xx_tim.o
TIM_OC3Init                                       Libraries\STM32F0xx_StdPeriph_Driver\src\stm32f0xx_tim.o
TIM_OC3NPolarityConfig                            Libraries\STM32F0xx_StdPeriph_Driver\src\stm32f0xx_tim.o
TIM_OC3PolarityConfig                             Libraries\STM32F0xx_StdPeriph_Driver\src\stm32f0xx_tim.o
TIM_OC3PreloadConfig                              Libraries\STM32F0xx_StdPeriph_Driver\src\stm32f0xx_tim.o
TIM_OC4FastConfig                                 Libraries\STM32F0xx_StdPeriph_Driver\src\stm32f0xx_tim.o
TIM_OC4Init                                       Libraries\STM32F0xx_StdPeriph_Driver\src\stm32f0xx_tim.o
TIM_OC4PolarityConfig                             Libraries\STM32F0xx_StdPeriph_Driver\src\stm32f0xx_tim.o
TIM_OC4PreloadConfig                              Libraries\STM32F0xx_StdPeriph_Driver\src\stm32f0xx_tim.o
TIM_OCStructInit                                  Libraries\STM32F0xx_StdPeriph_Driver\src\stm32f0xx_tim.o
TIM_PWMIConfig                                    Libraries\STM32F0xx_StdPeriph_Driver\src\stm32f0xx_tim.o
TIM_PrescalerConfig                               Libraries\STM32F0xx_StdPeriph_Driver\src\stm32f0xx_tim.o
TIM_RemapConfig                                   Libraries\STM32F0xx_StdPeriph_Driver\src\stm32f0xx_tim.o
TIM_SelectCCDMA                                   Libraries\STM32F0xx_StdPeriph_Driver\src\stm32f0xx_tim.o
TIM_SelectCOM                                     Libraries\STM32F0xx_StdPeriph_Driver\src\stm32f0xx_tim.o
TIM_SelectHallSensor                              Libraries\STM32F0xx_StdPeriph_Driver\src\stm32f0xx_tim.o
TIM_SelectInputTrigger                            Libraries\STM32F0xx_StdPeriph_Driver\src\stm32f0xx_tim.o
TIM_SelectMasterSlaveMode                         Libraries\STM32F0xx_StdPeriph_Driver\src\stm32f0xx_tim.o
TIM_SelectOCREFClear                              Libraries\STM32F0xx_StdPeriph_Driver\src\stm32f0xx_tim.o
TIM_SelectOCxM                                    Libraries\STM32F0xx_StdPeriph_Driver\src\stm32f0xx_tim.o
TIM_SelectOnePulseMode                            Libraries\STM32F0xx_StdPeriph_Driver\src\stm32f0xx_tim.o
TIM_SelectOutputTrigger                           Libraries\STM32F0xx_StdPeriph_Driver\src\stm32f0xx_tim.o
TIM_SelectSlaveMode                               Libraries\STM32F0xx_StdPeriph_Driver\src\stm32f0xx_tim.o
TIM_SetAutoreload                                 Libraries\STM32F0xx_StdPeriph_Driver\src\stm32f0xx_tim.o
TIM_SetClockDivision                              Libraries\STM32F0xx_StdPeriph_Driver\src\stm32f0xx_tim.o
TIM_SetCompare1                                   Libraries\STM32F0xx_StdPeriph_Driver\src\stm32f0xx_tim.o
TIM_SetCompare2                                   Libraries\STM32F0xx_StdPeriph_Driver\src\stm32f0xx_tim.o
TIM_SetCompare3                                   Libraries\STM32F0xx_StdPeriph_Driver\src\stm32f0xx_tim.o
TIM_SetCompare4                                   Libraries\STM32F0xx_StdPeriph_Driver\src\stm32f0xx_tim.o
TIM_SetCounter                                    Libraries\STM32F0xx_StdPeriph_Driver\src\stm32f0xx_tim.o
TIM_SetIC1Prescaler                               Libraries\STM32F0xx_StdPeriph_Driver\src\stm32f0xx_tim.o
TIM_SetIC2Prescaler                               Libraries\STM32F0xx_StdPeriph_Driver\src\stm32f0xx_tim.o
TIM_SetIC3Prescaler                               Libraries\STM32F0xx_StdPeriph_Driver\src\stm32f0xx_tim.o
TIM_SetIC4Prescaler                               Libraries\STM32F0xx_StdPeriph_Driver\src\stm32f0xx_tim.o
TIM_TIxExternalClockConfig                        Libraries\STM32F0xx_StdPeriph_Driver\src\stm32f0xx_tim.o
TIM_TimeBaseInit                                  Libraries\STM32F0xx_StdPeriph_Driver\src\stm32f0xx_tim.o
TIM_TimeBaseStructInit                            Libraries\STM32F0xx_StdPeriph_Driver\src\stm32f0xx_tim.o
TIM_UpdateDisableConfig                           Libraries\STM32F0xx_StdPeriph_Driver\src\stm32f0xx_tim.o
TIM_UpdateRequestConfig                           Libraries\STM32F0xx_StdPeriph_Driver\src\stm32f0xx_tim.o
TS_IRQHandler                                     src\startup_stm32f0xx.o
USART1_IRQHandler                                 Libraries\UART\uart.o
                                                  src\startup_stm32f0xx.o
USART2_IRQHandler                                 src\startup_stm32f0xx.o
USART_AddressDetectionConfig                      Libraries\STM32F0xx_StdPeriph_Driver\src\stm32f0xx_usart.o
USART_AutoBaudRateCmd                             Libraries\STM32F0xx_StdPeriph_Driver\src\stm32f0xx_usart.o
USART_AutoBaudRateConfig                          Libraries\STM32F0xx_StdPeriph_Driver\src\stm32f0xx_usart.o
USART_ClearFlag                                   Libraries\STM32F0xx_StdPeriph_Driver\src\stm32f0xx_usart.o
USART_ClearITPendingBit                           Libraries\STM32F0xx_StdPeriph_Driver\src\stm32f0xx_usart.o
USART_ClockInit                                   Libraries\STM32F0xx_StdPeriph_Driver\src\stm32f0xx_usart.o
USART_ClockStructInit                             Libraries\STM32F0xx_StdPeriph_Driver\src\stm32f0xx_usart.o
USART_Cmd                                         Libraries\STM32F0xx_StdPeriph_Driver\src\stm32f0xx_usart.o
                                                  Libraries\UART\uart.o
USART_DECmd                                       Libraries\STM32F0xx_StdPeriph_Driver\src\stm32f0xx_usart.o
USART_DEPolarityConfig                            Libraries\STM32F0xx_StdPeriph_Driver\src\stm32f0xx_usart.o
USART_DMACmd                                      Libraries\STM32F0xx_StdPeriph_Driver\src\stm32f0xx_usart.o
USART_DMAReceptionErrorConfig                     Libraries\STM32F0xx_StdPeriph_Driver\src\stm32f0xx_usart.o
USART_DataInvCmd                                  Libraries\STM32F0xx_StdPeriph_Driver\src\stm32f0xx_usart.o
USART_DeInit                                      Libraries\STM32F0xx_StdPeriph_Driver\src\stm32f0xx_usart.o
USART_DirectionModeCmd                            Libraries\STM32F0xx_StdPeriph_Driver\src\stm32f0xx_usart.o
USART_GetFlagStatus                               Libraries\STM32F0xx_StdPeriph_Driver\src\stm32f0xx_usart.o
                                                  src\syscalls.o
USART_GetITStatus                                 Libraries\STM32F0xx_StdPeriph_Driver\src\stm32f0xx_usart.o
USART_HalfDuplexCmd                               Libraries\STM32F0xx_StdPeriph_Driver\src\stm32f0xx_usart.o
USART_ITConfig                                    Libraries\STM32F0xx_StdPeriph_Driver\src\stm32f0xx_usart.o
                                                  Libraries\UART\uart.o
USART_Init                                        Libraries\STM32F0xx_StdPeriph_Driver\src\stm32f0xx_usart.o
                                                  Libraries\UART\uart.o
USART_InvPinCmd                                   Libraries\STM32F0xx_StdPeriph_Driver\src\stm32f0xx_usart.o
USART_IrDACmd                                     Libraries\STM32F0xx_StdPeriph_Driver\src\stm32f0xx_usart.o
USART_IrDAConfig                                  Libraries\STM32F0xx_StdPeriph_Driver\src\stm32f0xx_usart.o
USART_LINBreakDetectLengthConfig                  Libraries\STM32F0xx_StdPeriph_Driver\src\stm32f0xx_usart.o
USART_LINCmd                                      Libraries\STM32F0xx_StdPeriph_Driver\src\stm32f0xx_usart.o
USART_MSBFirstCmd                                 Libraries\STM32F0xx_StdPeriph_Driver\src\stm32f0xx_usart.o
USART_MuteModeCmd                                 Libraries\STM32F0xx_StdPeriph_Driver\src\stm32f0xx_usart.o
USART_MuteModeWakeUpConfig                        Libraries\STM32F0xx_StdPeriph_Driver\src\stm32f0xx_usart.o
USART_OneBitMethodCmd                             Libraries\STM32F0xx_StdPeriph_Driver\src\stm32f0xx_usart.o
USART_OverSampling8Cmd                            Libraries\STM32F0xx_StdPeriph_Driver\src\stm32f0xx_usart.o
USART_OverrunDetectionConfig                      Libraries\STM32F0xx_StdPeriph_Driver\src\stm32f0xx_usart.o
USART_ReceiveData                                 Libraries\STM32F0xx_StdPeriph_Driver\src\stm32f0xx_usart.o
USART_ReceiverTimeOutCmd                          Libraries\STM32F0xx_StdPeriph_Driver\src\stm32f0xx_usart.o
USART_RequestCmd                                  Libraries\STM32F0xx_StdPeriph_Driver\src\stm32f0xx_usart.o
USART_STOPModeCmd                                 Libraries\STM32F0xx_StdPeriph_Driver\src\stm32f0xx_usart.o
USART_SWAPPinCmd                                  Libraries\STM32F0xx_StdPeriph_Driver\src\stm32f0xx_usart.o
USART_SendData                                    Libraries\STM32F0xx_StdPeriph_Driver\src\stm32f0xx_usart.o
                                                  src\syscalls.o
USART_SetAddress                                  Libraries\STM32F0xx_StdPeriph_Driver\src\stm32f0xx_usart.o
USART_SetAutoRetryCount                           Libraries\STM32F0xx_StdPeriph_Driver\src\stm32f0xx_usart.o
USART_SetBlockLength                              Libraries\STM32F0xx_StdPeriph_Driver\src\stm32f0xx_usart.o
USART_SetDEAssertionTime                          Libraries\STM32F0xx_StdPeriph_Driver\src\stm32f0xx_usart.o
USART_SetDEDeassertionTime                        Libraries\STM32F0xx_StdPeriph_Driver\src\stm32f0xx_usart.o
USART_SetGuardTime                                Libraries\STM32F0xx_StdPeriph_Driver\src\stm32f0xx_usart.o
USART_SetPrescaler                                Libraries\STM32F0xx_StdPeriph_Driver\src\stm32f0xx_usart.o
USART_SetReceiverTimeOut                          Libraries\STM32F0xx_StdPeriph_Driver\src\stm32f0xx_usart.o
USART_SmartCardCmd                                Libraries\STM32F0xx_StdPeriph_Driver\src\stm32f0xx_usart.o
USART_SmartCardNACKCmd                            Libraries\STM32F0xx_StdPeriph_Driver\src\stm32f0xx_usart.o
USART_StopModeWakeUpSourceConfig                  Libraries\STM32F0xx_StdPeriph_Driver\src\stm32f0xx_usart.o
USART_StructInit                                  Libraries\STM32F0xx_StdPeriph_Driver\src\stm32f0xx_usart.o
UsageFault_Handler                                src\stm32f0xx_it.o